Archive member included to satisfy reference by file (symbol)

d:/enviro~1/gnuarm~1/102021~1.10/bin/../lib/gcc/arm-none-eabi/10.3.1/thumb/v7-m/nofp\libgcc.a(_arm_muldf3.o)
                              CMakeFiles/HAL_C8T6.elf.dir/Core/Src/PCA9685.c.obj (__aeabi_dmul)
d:/enviro~1/gnuarm~1/102021~1.10/bin/../lib/gcc/arm-none-eabi/10.3.1/thumb/v7-m/nofp\libgcc.a(_arm_addsubdf3.o)
                              CMakeFiles/HAL_C8T6.elf.dir/Core/Src/PCA9685.c.obj (__aeabi_dsub)
d:/enviro~1/gnuarm~1/102021~1.10/bin/../lib/gcc/arm-none-eabi/10.3.1/thumb/v7-m/nofp\libgcc.a(_arm_muldivdf3.o)
                              CMakeFiles/HAL_C8T6.elf.dir/Core/Src/PCA9685.c.obj (__aeabi_ddiv)
d:/enviro~1/gnuarm~1/102021~1.10/bin/../lib/gcc/arm-none-eabi/10.3.1/thumb/v7-m/nofp\libgcc.a(_arm_fixunsdfsi.o)
                              CMakeFiles/HAL_C8T6.elf.dir/Core/Src/PCA9685.c.obj (__aeabi_d2uiz)
d:/enviro~1/gnuarm~1/102021~1.10/bin/../lib/gcc/arm-none-eabi/10.3.1/thumb/v7-m/nofp\libgcc.a(_arm_truncdfsf2.o)
                              CMakeFiles/HAL_C8T6.elf.dir/Core/Src/PCA9685.c.obj (__aeabi_d2f)
d:/enviro~1/gnuarm~1/102021~1.10/bin/../lib/gcc/arm-none-eabi/10.3.1/thumb/v7-m/nofp\libgcc.a(_arm_cmpsf2.o)
                              CMakeFiles/HAL_C8T6.elf.dir/Core/Src/freertos.c.obj (__aeabi_fcmple)
d:/enviro~1/gnuarm~1/102021~1.10/bin/../lib/gcc/arm-none-eabi/10.3.1/../../../../arm-none-eabi/lib/thumb/v7-m/nofp\libg.a(lib_a-errno.o)
                              CMakeFiles/HAL_C8T6.elf.dir/Core/Src/syscalls.c.obj (__errno)
d:/enviro~1/gnuarm~1/102021~1.10/bin/../lib/gcc/arm-none-eabi/10.3.1/../../../../arm-none-eabi/lib/thumb/v7-m/nofp\libg.a(lib_a-exit.o)
                              d:/enviro~1/gnuarm~1/102021~1.10/bin/../lib/gcc/arm-none-eabi/10.3.1/../../../../arm-none-eabi/lib/thumb/v7-m/nofp/crt0.o (exit)
d:/enviro~1/gnuarm~1/102021~1.10/bin/../lib/gcc/arm-none-eabi/10.3.1/../../../../arm-none-eabi/lib/thumb/v7-m/nofp\libg.a(lib_a-impure.o)
                              d:/enviro~1/gnuarm~1/102021~1.10/bin/../lib/gcc/arm-none-eabi/10.3.1/../../../../arm-none-eabi/lib/thumb/v7-m/nofp\libg.a(lib_a-exit.o) (_global_impure_ptr)
d:/enviro~1/gnuarm~1/102021~1.10/bin/../lib/gcc/arm-none-eabi/10.3.1/../../../../arm-none-eabi/lib/thumb/v7-m/nofp\libg.a(lib_a-init.o)
                              d:/enviro~1/gnuarm~1/102021~1.10/bin/../lib/gcc/arm-none-eabi/10.3.1/../../../../arm-none-eabi/lib/thumb/v7-m/nofp/crt0.o (__libc_init_array)
d:/enviro~1/gnuarm~1/102021~1.10/bin/../lib/gcc/arm-none-eabi/10.3.1/../../../../arm-none-eabi/lib/thumb/v7-m/nofp\libg.a(lib_a-memcpy.o)
                              CMakeFiles/HAL_C8T6.elf.dir/Middlewares/Third_Party/FreeRTOS/Source/CMSIS_RTOS_V2/cmsis_os2.c.obj (memcpy)
d:/enviro~1/gnuarm~1/102021~1.10/bin/../lib/gcc/arm-none-eabi/10.3.1/../../../../arm-none-eabi/lib/thumb/v7-m/nofp\libg.a(lib_a-memset.o)
                              d:/enviro~1/gnuarm~1/102021~1.10/bin/../lib/gcc/arm-none-eabi/10.3.1/../../../../arm-none-eabi/lib/thumb/v7-m/nofp/crt0.o (memset)
d:/enviro~1/gnuarm~1/102021~1.10/bin/../lib/gcc/arm-none-eabi/10.3.1/../../../../arm-none-eabi/lib/thumb/v7-m/nofp\libg.a(lib_a-sprintf.o)
                              CMakeFiles/HAL_C8T6.elf.dir/Core/Src/mpu6050.c.obj (sprintf)
d:/enviro~1/gnuarm~1/102021~1.10/bin/../lib/gcc/arm-none-eabi/10.3.1/../../../../arm-none-eabi/lib/thumb/v7-m/nofp\libg.a(lib_a-strlen-stub.o)
                              CMakeFiles/HAL_C8T6.elf.dir/Core/Src/mpu6050.c.obj (strlen)
d:/enviro~1/gnuarm~1/102021~1.10/bin/../lib/gcc/arm-none-eabi/10.3.1/../../../../arm-none-eabi/lib/thumb/v7-m/nofp\libg.a(lib_a-svfprintf.o)
                              d:/enviro~1/gnuarm~1/102021~1.10/bin/../lib/gcc/arm-none-eabi/10.3.1/../../../../arm-none-eabi/lib/thumb/v7-m/nofp\libg.a(lib_a-sprintf.o) (_svfprintf_r)
d:/enviro~1/gnuarm~1/102021~1.10/bin/../lib/gcc/arm-none-eabi/10.3.1/../../../../arm-none-eabi/lib/thumb/v7-m/nofp\libg.a(lib_a-__call_atexit.o)
                              d:/enviro~1/gnuarm~1/102021~1.10/bin/../lib/gcc/arm-none-eabi/10.3.1/../../../../arm-none-eabi/lib/thumb/v7-m/nofp\libg.a(lib_a-exit.o) (__call_exitprocs)
d:/enviro~1/gnuarm~1/102021~1.10/bin/../lib/gcc/arm-none-eabi/10.3.1/../../../../arm-none-eabi/lib/thumb/v7-m/nofp\libg.a(lib_a-atexit.o)
                              d:/enviro~1/gnuarm~1/102021~1.10/bin/../lib/gcc/arm-none-eabi/10.3.1/../../../../arm-none-eabi/lib/thumb/v7-m/nofp\libg.a(lib_a-__call_atexit.o) (atexit)
d:/enviro~1/gnuarm~1/102021~1.10/bin/../lib/gcc/arm-none-eabi/10.3.1/../../../../arm-none-eabi/lib/thumb/v7-m/nofp\libg.a(lib_a-dtoa.o)
                              d:/enviro~1/gnuarm~1/102021~1.10/bin/../lib/gcc/arm-none-eabi/10.3.1/../../../../arm-none-eabi/lib/thumb/v7-m/nofp\libg.a(lib_a-svfprintf.o) (_dtoa_r)
d:/enviro~1/gnuarm~1/102021~1.10/bin/../lib/gcc/arm-none-eabi/10.3.1/../../../../arm-none-eabi/lib/thumb/v7-m/nofp\libg.a(lib_a-fini.o)
[...]
Memory Configuration

Name             Origin             Length             Attributes
RAM              0x20000000         0x00005000         xrw
FLASH            0x08000000         0x00010000         xr
*default*        0x00000000         0xffffffff

Linker script and memory map

LOAD d:/enviro~1/gnuarm~1/102021~1.10/bin/../lib/gcc/arm-none-eabi/10.3.1/thumb/v7-m/nofp/crti.o
LOAD d:/enviro~1/gnuarm~1/102021~1.10/bin/../lib/gcc/arm-none-eabi/10.3.1/thumb/v7-m/nofp/crtbegin.o
LOAD d:/enviro~1/gnuarm~1/102021~1.10/bin/../lib/gcc/arm-none-eabi/10.3.1/../../../../arm-none-eabi/lib/thumb/v7-m/nofp/crt0.o
LOAD CMakeFiles/HAL_C8T6.elf.dir/Core/Src/PCA9685.c.obj
LOAD CMakeFiles/HAL_C8T6.elf.dir/Core/Src/SR04.c.obj
LOAD CMakeFiles/HAL_C8T6.elf.dir/Core/Src/freertos.c.obj
LOAD CMakeFiles/HAL_C8T6.elf.dir/Core/Src/gpio.c.obj
LOAD CMakeFiles/HAL_C8T6.elf.dir/Core/Src/i2c.c.obj
LOAD CMakeFiles/HAL_C8T6.elf.dir/Core/Src/main.c.obj
LOAD CMakeFiles/HAL_C8T6.elf.dir/Core/Src/mpu6050.c.obj
LOAD CMakeFiles/HAL_C8T6.elf.dir/Core/Src/ssd1306.c.obj
LOAD CMakeFiles/HAL_C8T6.elf.dir/Core/Src/ssd1306_font.c.obj
LOAD CMakeFiles/HAL_C8T6.elf.dir/Core/Src/stm32f1xx_hal_msp.c.obj
LOAD CMakeFiles/HAL_C8T6.elf.dir/Core/Src/stm32f1xx_hal_timebase_tim.c.obj
LOAD CMakeFiles/HAL_C8T6.elf.dir/Core/Src/stm32f1xx_it.c.obj
LOAD CMakeFiles/HAL_C8T6.elf.dir/Core/Src/syscalls.c.obj
LOAD CMakeFiles/HAL_C8T6.elf.dir/Core/Src/sysmem.c.obj
LOAD CMakeFiles/HAL_C8T6.elf.dir/Core/Src/system_stm32f1xx.c.obj
LOAD CMakeFiles/HAL_C8T6.elf.dir/Core/Src/tim.c.obj
LOAD CMakeFiles/HAL_C8T6.elf.dir/Core/Src/usart.c.obj
LOAD CMakeFiles/HAL_C8T6.elf.dir/Core/Startup/startup_stm32f103c8tx.s.obj
LOAD CMakeFiles/HAL_C8T6.elf.dir/Drivers/STM32F1xx_HAL_Driver/Src/stm32f1xx_hal.c.obj
LOAD CMakeFiles/HAL_C8T6.elf.dir/Drivers/STM32F1xx_HAL_Driver/Src/stm32f1xx_hal_cortex.c.obj
LOAD CMakeFiles/HAL_C8T6.elf.dir/Drivers/STM32F1xx_HAL_Driver/Src/stm32f1xx_hal_dma.c.obj
LOAD CMakeFiles/HAL_C8T6.elf.dir/Drivers/STM32F1xx_HAL_Driver/Src/stm32f1xx_hal_exti.c.obj
LOAD CMakeFiles/HAL_C8T6.elf.dir/Drivers/STM32F1xx_HAL_Driver/Src/stm32f1xx_hal_flash.c.obj
LOAD CMakeFiles/HAL_C8T6.elf.dir/Drivers/STM32F1xx_HAL_Driver/Src/stm32f1xx_hal_flash_ex.c.obj
LOAD CMakeFiles/HAL_C8T6.elf.dir/Drivers/STM32F1xx_HAL_Driver/Src/stm32f1xx_hal_gpio.c.obj
LOAD CMakeFiles/HAL_C8T6.elf.dir/Drivers/STM32F1xx_HAL_Driver/Src/stm32f1xx_hal_gpio_ex.c.obj
LOAD CMakeFiles/HAL_C8T6.elf.dir/Drivers/STM32F1xx_HAL_Driver/Src/stm32f1xx_hal_i2c.c.obj
LOAD CMakeFiles/HAL_C8T6.elf.dir/Drivers/STM32F1xx_HAL_Driver/Src/stm32f1xx_hal_pwr.c.obj
LOAD CMakeFiles/HAL_C8T6.elf.dir/Drivers/STM32F1xx_HAL_Driver/Src/stm32f1xx_hal_rcc.c.obj
LOAD CMakeFiles/HAL_C8T6.elf.dir/Drivers/STM32F1xx_HAL_Driver/Src/stm32f1xx_hal_rcc_ex.c.obj
LOAD CMakeFiles/HAL_C8T6.elf.dir/Drivers/STM32F1xx_HAL_Driver/Src/stm32f1xx_hal_tim.c.obj
LOAD CMakeFiles/HAL_C8T6.elf.dir/Drivers/STM32F1xx_HAL_Driver/Src/stm32f1xx_hal_tim_ex.c.obj
LOAD CMakeFiles/HAL_C8T6.elf.dir/Drivers/STM32F1xx_HAL_Driver/Src/stm32f1xx_hal_uart.c.obj
LOAD CMakeFiles/HAL_C8T6.elf.dir/Middlewares/Third_Party/FreeRTOS/Source/CMSIS_RTOS_V2/cmsis_os2.c.obj
LOAD CMakeFiles/HAL_C8T6.elf.dir/Middlewares/Third_Party/FreeRTOS/Source/croutine.c.obj
LOAD CMakeFiles/HAL_C8T6.elf.dir/Middlewares/Third_Party/FreeRTOS/Source/event_groups.c.obj
LOAD CMakeFiles/HAL_C8T6.elf.dir/Middlewares/Third_Party/FreeRTOS/Source/list.c.obj
LOAD CMakeFiles/HAL_C8T6.elf.dir/Middlewares/Third_Party/FreeRTOS/Source/portable/GCC/ARM_CM3/port.c.obj
LOAD CMakeFiles/HAL_C8T6.elf.dir/Middlewares/Third_Party/FreeRTOS/Source/portable/MemMang/heap_4.c.obj
LOAD CMakeFiles/HAL_C8T6.elf.dir/Middlewares/Third_Party/FreeRTOS/Source/queue.c.obj
LOAD CMakeFiles/HAL_C8T6.elf.dir/Middlewares/Third_Party/FreeRTOS/Source/stream_buffer.c.obj
LOAD CMakeFiles/HAL_C8T6.elf.dir/Middlewares/Third_Party/FreeRTOS/Source/tasks.c.obj
LOAD CMakeFiles/HAL_C8T6.elf.dir/Middlewares/Third_Party/FreeRTOS/Source/timers.c.obj
START GROUP
LOAD d:/enviro~1/gnuarm~1/102021~1.10/bin/../lib/gcc/arm-none-eabi/10.3.1/thumb/v7-m/nofp\libgcc.a
LOAD d:/enviro~1/gnuarm~1/102021~1.10/bin/../lib/gcc/arm-none-eabi/10.3.1/../../../../arm-none-eabi/lib/thumb/v7-m/nofp\libg.a
LOAD d:/enviro~1/gnuarm~1/102021~1.10/bin/../lib/gcc/arm-none-eabi/10.3.1/../../../../arm-none-eabi/lib/thumb/v7-m/nofp\libc.a
END GROUP
LOAD d:/enviro~1/gnuarm~1/102021~1.10/bin/../lib/gcc/arm-none-eabi/10.3.1/thumb/v7-m/nofp/crtend.o
LOAD d:/enviro~1/gnuarm~1/102021~1.10/bin/../lib/gcc/arm-none-eabi/10.3.1/thumb/v7-m/nofp/crtn.o
                0x20005000                _estack = (ORIGIN (RAM) + LENGTH (RAM))
                0x00000200                _Min_Heap_Size = 0x200
                0x00000400                _Min_Stack_Size = 0x400

.isr_vector     0x08000000      0x10c
                0x08000000                . = ALIGN (0x4)
 *(.isr_vector)
 .isr_vector    0x08000000      0x10c CMakeFiles/HAL_C8T6.elf.dir/Core/Startup/startup_stm32f103c8tx.s.obj
                0x08000000                g_pfnVectors
                0x0800010c                . = ALIGN (0x4)

.text           0x08000110     0x6f00
                0x08000110                . = ALIGN (0x4)
 *(.text)
 .text          0x08000110       0x40 d:/enviro~1/gnuarm~1/102021~1.10/bin/../lib/gcc/arm-none-eabi/10.3.1/thumb/v7-m/nofp/crtbegin.o
 .text          0x08000150      0x378 d:/enviro~1/gnuarm~1/102021~1.10/bin/../lib/gcc/arm-none-eabi/10.3.1/thumb/v7-m/nofp\libgcc.a(_arm_addsubdf3.o)
                0x08000150                __aeabi_drsub
                0x08000158                __aeabi_dsub
                0x08000158                __subdf3
                0x0800015c                __aeabi_dadd
                0x0800015c                __adddf3
                0x080003d4                __floatunsidf
                0x080003d4                __aeabi_ui2d
                0x080003f4                __floatsidf
                0x080003f4                __aeabi_i2d
                0x08000418                __aeabi_f2d
                0x08000418                __extendsfdf2
                0x0800045c                __floatundidf
                0x0800045c                __aeabi_ul2d
                0x0800046c                __floatdidf
                0x0800046c                __aeabi_l2d
 .text          0x080004c8      0x424 d:/enviro~1/gnuarm~1/102021~1.10/bin/../lib/gcc/arm-none-eabi/10.3.1/thumb/v7-m/nofp\libgcc.a(_arm_muldivdf3.o)
                0x080004c8                __aeabi_dmul
                0x080004c8                __muldf3
                0x0800071c                __divdf3
                0x0800071c                __aeabi_ddiv
 .text          0x080008ec       0x40 d:/enviro~1/gnuarm~1/102021~1.10/bin/../lib/gcc/arm-none-eabi/10.3.1/thumb/v7-m/nofp\libgcc.a(_arm_fixunsdfsi.o)
                0x080008ec                __aeabi_d2uiz
                0x080008ec                __fixunsdfsi
 .text          0x0800092c       0xa0 d:/enviro~1/gnuarm~1/102021~1.10/bin/../lib/gcc/arm-none-eabi/10.3.1/thumb/v7-m/nofp\libgcc.a(_arm_truncdfsf2.o)
                0x0800092c                __truncdfsf2
                0x0800092c                __aeabi_d2f
 .text          0x080009cc       0xec d:/enviro~1/gnuarm~1/102021~1.10/bin/../lib/gcc/arm-none-eabi/10.3.1/thumb/v7-m/nofp\libgcc.a(_arm_cmpsf2.o)
                0x080009cc                __gesf2
                0x080009cc                __gtsf2
                0x080009d4                __lesf2
                0x080009d4                __ltsf2
                0x080009dc                __nesf2
                0x080009dc                __eqsf2
                0x080009dc                __cmpsf2
                0x08000a3c                __aeabi_cfrcmple
                0x08000a44                __aeabi_cfcmpeq
                0x08000a44                __aeabi_cfcmple
                0x08000a54                __aeabi_fcmpeq
                0x08000a68                __aeabi_fcmplt
                0x08000a7c                __aeabi_fcmple
                0x08000a90                __aeabi_fcmpge
                0x08000aa4                __aeabi_fcmpgt
 .text          0x08000ab8       0xec d:/enviro~1/gnuarm~1/102021~1.10/bin/../lib/gcc/arm-none-eabi/10.3.1/../../../../arm-none-eabi/lib/thumb/v7-m/nofp\libg.a(lib_a-memcpy.o)
                0x08000ab8                memcpy
 .text          0x08000ba4      0x110 d:/enviro~1/gnuarm~1/102021~1.10/bin/../lib/gcc/arm-none-eabi/10.3.1/thumb/v7-m/nofp\libgcc.a(_arm_cmpdf2.o)
                0x08000ba4                __gtdf2
                0x08000ba4                __gedf2
                0x08000bac                __ltdf2
                0x08000bac                __ledf2
                0x08000bb4                __nedf2
                0x08000bb4                __eqdf2
                0x08000bb4                __cmpdf2
                0x08000c30                __aeabi_cdrcmple
                0x08000c40                __aeabi_cdcmpeq
                0x08000c40                __aeabi_cdcmple
                0x08000c50                __aeabi_dcmpeq
                0x08000c64                __aeabi_dcmplt
                0x08000c78                __aeabi_dcmple
                0x08000c8c                __aeabi_dcmpge
                0x08000ca0                __aeabi_dcmpgt
 *(.text*)
 .text.pca_read
                0x08000cb4       0x38 CMakeFiles/HAL_C8T6.elf.dir/Core/Src/PCA9685.c.obj
                0x08000cb4                pca_read
 .text.pca_write
                0x08000cec       0x28 CMakeFiles/HAL_C8T6.elf.dir/Core/Src/PCA9685.c.obj
                0x08000cec                pca_write
 *fill*         0x08000d14        0x4 
 .text.pca_setfreq
                0x08000d18       0x98 CMakeFiles/HAL_C8T6.elf.dir/Core/Src/PCA9685.c.obj
                0x08000d18                pca_setfreq
 .text.pca_setpwm
                0x08000db0       0x42 CMakeFiles/HAL_C8T6.elf.dir/Core/Src/PCA9685.c.obj
                0x08000db0                pca_setpwm
 .text.PCA_MG9XX_Init
                0x08000df2       0x1c CMakeFiles/HAL_C8T6.elf.dir/Core/Src/PCA9685.c.obj
                0x08000df2                PCA_MG9XX_Init
 *fill*         0x08000e0e        0x2 
 .text.SetAngle
                0x08000e10       0x44 CMakeFiles/HAL_C8T6.elf.dir/Core/Src/PCA9685.c.obj
                0x08000e10                SetAngle
 .text.advance_bot_init
                0x08000e54       0x44 CMakeFiles/HAL_C8T6.elf.dir/Core/Src/PCA9685.c.obj
                0x08000e54                advance_bot_init
 .text.advance  0x08000e98       0xac CMakeFiles/HAL_C8T6.elf.dir/Core/Src/PCA9685.c.obj
                0x08000e98                advance
 .text.back     0x08000f44       0xac CMakeFiles/HAL_C8T6.elf.dir/Core/Src/PCA9685.c.obj
                0x08000f44                back
 .text.turn_left
                0x08000ff0       0xac CMakeFiles/HAL_C8T6.elf.dir/Core/Src/PCA9685.c.obj
                0x08000ff0                turn_left
 .text.turn_right
                0x0800109c       0xac CMakeFiles/HAL_C8T6.elf.dir/Core/Src/PCA9685.c.obj
                0x0800109c                turn_right
 .text.SR04_GetData
                0x08001148       0x48 CMakeFiles/HAL_C8T6.elf.dir/Core/Src/SR04.c.obj
                0x08001148                SR04_GetData
 .text.HAL_TIM_IC_CaptureCallback
                0x08001190       0xb0 CMakeFiles/HAL_C8T6.elf.dir/Core/Src/SR04.c.obj
                0x08001190                HAL_TIM_IC_CaptureCallback
 .text.StartDefaultTask
                0x08001240        0xe CMakeFiles/HAL_C8T6.elf.dir/Core/Src/freertos.c.obj
                0x08001240                StartDefaultTask
 *fill*         0x0800124e        0x2 
 .text.active_task
                0x08001250      0x140 CMakeFiles/HAL_C8T6.elf.dir/Core/Src/freertos.c.obj
                0x08001250                active_task
 .text.MX_FREERTOS_Init
                0x08001390       0x4c CMakeFiles/HAL_C8T6.elf.dir/Core/Src/freertos.c.obj
                0x08001390                MX_FREERTOS_Init
 .text.MX_GPIO_Init
                0x080013dc       0xac CMakeFiles/HAL_C8T6.elf.dir/Core/Src/gpio.c.obj
                0x080013dc                MX_GPIO_Init
 .text.MX_I2C1_Init
                0x08001488       0x3c CMakeFiles/HAL_C8T6.elf.dir/Core/Src/i2c.c.obj
                0x08001488                MX_I2C1_Init
 .text.MX_I2C2_Init
                0x080014c4       0x3c CMakeFiles/HAL_C8T6.elf.dir/Core/Src/i2c.c.obj
                0x080014c4                MX_I2C2_Init
 .text.HAL_I2C_MspInit
                0x08001500       0xac CMakeFiles/HAL_C8T6.elf.dir/Core/Src/i2c.c.obj
                0x08001500                HAL_I2C_MspInit
 .text.HAL_TIM_PeriodElapsedCallback
                0x080015ac       0x18 CMakeFiles/HAL_C8T6.elf.dir/Core/Src/main.c.obj
                0x080015ac                HAL_TIM_PeriodElapsedCallback
 .text.Error_Handler
                0x080015c4        0x4 CMakeFiles/HAL_C8T6.elf.dir/Core/Src/main.c.obj
                0x080015c4                Error_Handler
 .text.SystemClock_Config
                0x080015c8       0x64 CMakeFiles/HAL_C8T6.elf.dir/Core/Src/main.c.obj
                0x080015c8                SystemClock_Config
 .text.main     0x0800162c       0x60 CMakeFiles/HAL_C8T6.elf.dir/Core/Src/main.c.obj
                0x0800162c                main
 .text.MPU6050_Read_Registers
                0x0800168c       0x24 CMakeFiles/HAL_C8T6.elf.dir/Core/Src/mpu6050.c.obj
 .text.MPU6050_Write_Register
                0x080016b0       0x2c CMakeFiles/HAL_C8T6.elf.dir/Core/Src/mpu6050.c.obj
 .text.MPU6050_Init
                0x080016dc       0x28 CMakeFiles/HAL_C8T6.elf.dir/Core/Src/mpu6050.c.obj
                0x080016dc                MPU6050_Init
 .text.ssd1306_write_command
                0x08001704       0x2c CMakeFiles/HAL_C8T6.elf.dir/Core/Src/ssd1306.c.obj
                0x08001704                ssd1306_write_command
 .text.ssd1306_write_data
                0x08001730       0x24 CMakeFiles/HAL_C8T6.elf.dir/Core/Src/ssd1306.c.obj
                0x08001730                ssd1306_write_data
 .text.charge_bump_setting
                0x08001754       0x12 CMakeFiles/HAL_C8T6.elf.dir/Core/Src/ssd1306.c.obj
                0x08001754                charge_bump_setting
 .text.set_contrast_control
                0x08001766       0x12 CMakeFiles/HAL_C8T6.elf.dir/Core/Src/ssd1306.c.obj
                0x08001766                set_contrast_control
 .text.entire_display_off
                0x08001778        0xa CMakeFiles/HAL_C8T6.elf.dir/Core/Src/ssd1306.c.obj
                0x08001778                entire_display_off
 .text.set_normal_display
                0x08001782        0xa CMakeFiles/HAL_C8T6.elf.dir/Core/Src/ssd1306.c.obj
                0x08001782                set_normal_display
 .text.set_display_on
                0x0800178c        0xa CMakeFiles/HAL_C8T6.elf.dir/Core/Src/ssd1306.c.obj
                0x0800178c                set_display_on
 .text.set_lower_column_start_address_for_page_addressing_mode
                0x08001796        0x8 CMakeFiles/HAL_C8T6.elf.dir/Core/Src/ssd1306.c.obj
                0x08001796                set_lower_column_start_address_for_page_addressing_mode
 .text.set_higher_column_start_address_for_page_addressing_mode
                0x0800179e        0x8 CMakeFiles/HAL_C8T6.elf.dir/Core/Src/ssd1306.c.obj
                0x0800179e                set_higher_column_start_address_for_page_addressing_mode
 .text.set_page_start_address_for_page_addressing_mode
                0x080017a6        0x8 CMakeFiles/HAL_C8T6.elf.dir/Core/Src/ssd1306.c.obj
                0x080017a6                set_page_start_address_for_page_addressing_mode
 .text.set_display_start_line
                0x080017ae        0x8 CMakeFiles/HAL_C8T6.elf.dir/Core/Src/ssd1306.c.obj
                0x080017ae                set_display_start_line
 .text.set_segment_remap
                0x080017b6        0x8 CMakeFiles/HAL_C8T6.elf.dir/Core/Src/ssd1306.c.obj
                0x080017b6                set_segment_remap
 .text.set_multiplex_ratio
                0x080017be       0x12 CMakeFiles/HAL_C8T6.elf.dir/Core/Src/ssd1306.c.obj
                0x080017be                set_multiplex_ratio
 .text.set_com_output_scan_direction
                0x080017d0        0x8 CMakeFiles/HAL_C8T6.elf.dir/Core/Src/ssd1306.c.obj
                0x080017d0                set_com_output_scan_direction
 .text.set_display_offset
                0x080017d8       0x12 CMakeFiles/HAL_C8T6.elf.dir/Core/Src/ssd1306.c.obj
                0x080017d8                set_display_offset
 .text.set_com_pins_hardware_config
                0x080017ea       0x20 CMakeFiles/HAL_C8T6.elf.dir/Core/Src/ssd1306.c.obj
                0x080017ea                set_com_pins_hardware_config
 .text.set_display_clock_divide_ratio_and_osc_freq
                0x0800180a       0x16 CMakeFiles/HAL_C8T6.elf.dir/Core/Src/ssd1306.c.obj
                0x0800180a                set_display_clock_divide_ratio_and_osc_freq
 .text.ssd1306_update_screen
                0x08001820       0x34 CMakeFiles/HAL_C8T6.elf.dir/Core/Src/ssd1306.c.obj
                0x08001820                ssd1306_update_screen
 .text.ssd1306_black_screen
                0x08001854       0x20 CMakeFiles/HAL_C8T6.elf.dir/Core/Src/ssd1306.c.obj
                0x08001854                ssd1306_black_screen
 .text.ssd1306_black_pixel
                0x08001874       0x20 CMakeFiles/HAL_C8T6.elf.dir/Core/Src/ssd1306.c.obj
                0x08001874                ssd1306_black_pixel
 .text.ssd1306_white_pixel
                0x08001894       0x1c CMakeFiles/HAL_C8T6.elf.dir/Core/Src/ssd1306.c.obj
                0x08001894                ssd1306_white_pixel
 .text.ssd1306_write_char
                0x080018b0       0xa8 CMakeFiles/HAL_C8T6.elf.dir/Core/Src/ssd1306.c.obj
                0x080018b0                ssd1306_write_char
 .text.ssd1306_write_string
                0x08001958       0x38 CMakeFiles/HAL_C8T6.elf.dir/Core/Src/ssd1306.c.obj
                0x08001958                ssd1306_write_string
 .text.ssd1306_set_cursor
                0x08001990        0xc CMakeFiles/HAL_C8T6.elf.dir/Core/Src/ssd1306.c.obj
                0x08001990                ssd1306_set_cursor
 .text.ssd1306_init
                0x0800199c       0x56 CMakeFiles/HAL_C8T6.elf.dir/Core/Src/ssd1306.c.obj
                0x0800199c                ssd1306_init
 *fill*         0x080019f2        0x2 
 .text.ssd1306_clear_area
                0x080019f4       0xb0 CMakeFiles/HAL_C8T6.elf.dir/Core/Src/ssd1306.c.obj
                0x080019f4                ssd1306_clear_area
 .text.display_oled
                0x08001aa4       0x40 CMakeFiles/HAL_C8T6.elf.dir/Core/Src/ssd1306.c.obj
                0x08001aa4                display_oled
 .text.HAL_MspInit
                0x08001ae4       0x54 CMakeFiles/HAL_C8T6.elf.dir/Core/Src/stm32f1xx_hal_msp.c.obj
                0x08001ae4                HAL_MspInit
 .text.HAL_InitTick
                0x08001b38       0xa0 CMakeFiles/HAL_C8T6.elf.dir/Core/Src/stm32f1xx_hal_timebase_tim.c.obj
                0x08001b38                HAL_InitTick
 .text.NMI_Handler
                0x08001bd8        0x2 CMakeFiles/HAL_C8T6.elf.dir/Core/Src/stm32f1xx_it.c.obj
                0x08001bd8                NMI_Handler
 .text.HardFault_Handler
                0x08001bda        0x2 CMakeFiles/HAL_C8T6.elf.dir/Core/Src/stm32f1xx_it.c.obj
                0x08001bda                HardFault_Handler
 .text.MemManage_Handler
                0x08001bdc        0x2 CMakeFiles/HAL_C8T6.elf.dir/Core/Src/stm32f1xx_it.c.obj
                0x08001bdc                MemManage_Handler
 .text.BusFault_Handler
                0x08001bde        0x2 CMakeFiles/HAL_C8T6.elf.dir/Core/Src/stm32f1xx_it.c.obj
                0x08001bde                BusFault_Handler
 .text.UsageFault_Handler
                0x08001be0        0x2 CMakeFiles/HAL_C8T6.elf.dir/Core/Src/stm32f1xx_it.c.obj
                0x08001be0                UsageFault_Handler
 .text.DebugMon_Handler
                0x08001be2        0x2 CMakeFiles/HAL_C8T6.elf.dir/Core/Src/stm32f1xx_it.c.obj
                0x08001be2                DebugMon_Handler
 .text.TIM2_IRQHandler
                0x08001be4       0x10 CMakeFiles/HAL_C8T6.elf.dir/Core/Src/stm32f1xx_it.c.obj
                0x08001be4                TIM2_IRQHandler
 .text.TIM4_IRQHandler
                0x08001bf4       0x10 CMakeFiles/HAL_C8T6.elf.dir/Core/Src/stm32f1xx_it.c.obj
                0x08001bf4                TIM4_IRQHandler
 .text.USART1_IRQHandler
                0x08001c04       0x10 CMakeFiles/HAL_C8T6.elf.dir/Core/Src/stm32f1xx_it.c.obj
                0x08001c04                USART1_IRQHandler
 .text.USART2_IRQHandler
                0x08001c14       0x10 CMakeFiles/HAL_C8T6.elf.dir/Core/Src/stm32f1xx_it.c.obj
                0x08001c14                USART2_IRQHandler
 .text.SystemInit
                0x08001c24        0x2 CMakeFiles/HAL_C8T6.elf.dir/Core/Src/system_stm32f1xx.c.obj
                0x08001c24                SystemInit
 *fill*         0x08001c26        0x2 
 .text.MX_TIM2_Init
                0x08001c28       0xa0 CMakeFiles/HAL_C8T6.elf.dir/Core/Src/tim.c.obj
                0x08001c28                MX_TIM2_Init
 .text.HAL_TIM_Base_MspInit
                0x08001cc8       0x68 CMakeFiles/HAL_C8T6.elf.dir/Core/Src/tim.c.obj
                0x08001cc8                HAL_TIM_Base_MspInit
 .text.MX_USART1_UART_Init
                0x08001d30       0x34 CMakeFiles/HAL_C8T6.elf.dir/Core/Src/usart.c.obj
                0x08001d30                MX_USART1_UART_Init
 .text.MX_USART2_UART_Init
                0x08001d64       0x44 CMakeFiles/HAL_C8T6.elf.dir/Core/Src/usart.c.obj
                0x08001d64                MX_USART2_UART_Init
 .text.HAL_UART_MspInit
                0x08001da8       0xf4 CMakeFiles/HAL_C8T6.elf.dir/Core/Src/usart.c.obj
                0x08001da8                HAL_UART_MspInit
 .text.CheckForMessage
                0x08001e9c      0x14c CMakeFiles/HAL_C8T6.elf.dir/Core/Src/usart.c.obj
                0x08001e9c                CheckForMessage
 .text.HAL_UART_RxCpltCallback
                0x08001fe8       0x4c CMakeFiles/HAL_C8T6.elf.dir/Core/Src/usart.c.obj
                0x08001fe8                HAL_UART_RxCpltCallback
 .text.Reset_Handler
                0x08002034       0x48 CMakeFiles/HAL_C8T6.elf.dir/Core/Startup/startup_stm32f103c8tx.s.obj
                0x08002034                Reset_Handler
 .text.Default_Handler
                0x0800207c        0x2 CMakeFiles/HAL_C8T6.elf.dir/Core/Startup/startup_stm32f103c8tx.s.obj
                0x0800207c                RTC_Alarm_IRQHandler
                0x0800207c                EXTI2_IRQHandler
                0x0800207c                TIM1_CC_IRQHandler
                0x0800207c                PVD_IRQHandler
                0x0800207c                EXTI3_IRQHandler
                0x0800207c                EXTI0_IRQHandler
                0x0800207c                I2C2_EV_IRQHandler
                0x0800207c                ADC1_2_IRQHandler
                0x0800207c                SPI1_IRQHandler
                0x0800207c                TAMPER_IRQHandler
                0x0800207c                DMA1_Channel4_IRQHandler
                0x0800207c                USART3_IRQHandler
                0x0800207c                RTC_IRQHandler
                0x0800207c                DMA1_Channel7_IRQHandler
                0x0800207c                CAN1_RX1_IRQHandler
                0x0800207c                I2C1_EV_IRQHandler
                0x0800207c                DMA1_Channel6_IRQHandler
                0x0800207c                TIM3_IRQHandler
                0x0800207c                RCC_IRQHandler
                0x0800207c                TIM1_TRG_COM_IRQHandler
                0x0800207c                DMA1_Channel1_IRQHandler
                0x0800207c                Default_Handler
                0x0800207c                EXTI15_10_IRQHandler
                0x0800207c                EXTI9_5_IRQHandler
                0x0800207c                SPI2_IRQHandler
                0x0800207c                DMA1_Channel5_IRQHandler
                0x0800207c                EXTI4_IRQHandler
                0x0800207c                USB_LP_CAN1_RX0_IRQHandler
                0x0800207c                USB_HP_CAN1_TX_IRQHandler
                0x0800207c                DMA1_Channel3_IRQHandler
                0x0800207c                TIM1_UP_IRQHandler
                0x0800207c                WWDG_IRQHandler
                0x0800207c                TIM1_BRK_IRQHandler
                0x0800207c                EXTI1_IRQHandler
                0x0800207c                I2C2_ER_IRQHandler
                0x0800207c                DMA1_Channel2_IRQHandler
                0x0800207c                CAN1_SCE_IRQHandler
                0x0800207c                FLASH_IRQHandler
                0x0800207c                I2C1_ER_IRQHandler
                0x0800207c                USBWakeUp_IRQHandler
 *fill*         0x0800207e        0x2 
 .text.HAL_Init
                0x08002080       0x24 CMakeFiles/HAL_C8T6.elf.dir/Drivers/STM32F1xx_HAL_Driver/Src/stm32f1xx_hal.c.obj
                0x08002080                HAL_Init
 .text.HAL_IncTick
                0x080020a4       0x18 CMakeFiles/HAL_C8T6.elf.dir/Drivers/STM32F1xx_HAL_Driver/Src/stm32f1xx_hal.c.obj
                0x080020a4                HAL_IncTick
 .text.HAL_GetTick
                0x080020bc        0xc CMakeFiles/HAL_C8T6.elf.dir/Drivers/STM32F1xx_HAL_Driver/Src/stm32f1xx_hal.c.obj
                0x080020bc                HAL_GetTick
 .text.HAL_Delay
                0x080020c8       0x28 CMakeFiles/HAL_C8T6.elf.dir/Drivers/STM32F1xx_HAL_Driver/Src/stm32f1xx_hal.c.obj
                0x080020c8                HAL_Delay
 .text.HAL_NVIC_SetPriorityGrouping
                0x080020f0       0x24 CMakeFiles/HAL_C8T6.elf.dir/Drivers/STM32F1xx_HAL_Driver/Src/stm32f1xx_hal_cortex.c.obj
                0x080020f0                HAL_NVIC_SetPriorityGrouping
 .text.HAL_NVIC_SetPriority
                0x08002114       0x70 CMakeFiles/HAL_C8T6.elf.dir/Drivers/STM32F1xx_HAL_Driver/Src/stm32f1xx_hal_cortex.c.obj
                0x08002114                HAL_NVIC_SetPriority
 .text.HAL_NVIC_EnableIRQ
                0x08002184       0x1c CMakeFiles/HAL_C8T6.elf.dir/Drivers/STM32F1xx_HAL_Driver/Src/stm32f1xx_hal_cortex.c.obj
                0x08002184                HAL_NVIC_EnableIRQ
 .text.HAL_DMA_Abort
                0x080021a0       0x46 CMakeFiles/HAL_C8T6.elf.dir/Drivers/STM32F1xx_HAL_Driver/Src/stm32f1xx_hal_dma.c.obj
                0x080021a0                HAL_DMA_Abort
 *fill*         0x080021e6        0x2 
 .text.HAL_DMA_Abort_IT
                0x080021e8       0x98 CMakeFiles/HAL_C8T6.elf.dir/Drivers/STM32F1xx_HAL_Driver/Src/stm32f1xx_hal_dma.c.obj
                0x080021e8                HAL_DMA_Abort_IT
 .text.HAL_GPIO_Init
                0x08002280      0x224 CMakeFiles/HAL_C8T6.elf.dir/Drivers/STM32F1xx_HAL_Driver/Src/stm32f1xx_hal_gpio.c.obj
                0x08002280                HAL_GPIO_Init
 .text.HAL_GPIO_WritePin
                0x080024a4        0xc CMakeFiles/HAL_C8T6.elf.dir/Drivers/STM32F1xx_HAL_Driver/Src/stm32f1xx_hal_gpio.c.obj
                0x080024a4                HAL_GPIO_WritePin
 .text.HAL_GPIO_TogglePin
                0x080024b0       0x12 CMakeFiles/HAL_C8T6.elf.dir/Drivers/STM32F1xx_HAL_Driver/Src/stm32f1xx_hal_gpio.c.obj
                0x080024b0                HAL_GPIO_TogglePin
 .text.I2C_IsAcknowledgeFailed
                0x080024c2       0x32 CMakeFiles/HAL_C8T6.elf.dir/Drivers/STM32F1xx_HAL_Driver/Src/stm32f1xx_hal_i2c.c.obj
 .text.I2C_WaitOnFlagUntilTimeout
                0x080024f4       0xaa CMakeFiles/HAL_C8T6.elf.dir/Drivers/STM32F1xx_HAL_Driver/Src/stm32f1xx_hal_i2c.c.obj
 .text.I2C_WaitOnMasterAddressFlagUntilTimeout
                0x0800259e       0xd6 CMakeFiles/HAL_C8T6.elf.dir/Drivers/STM32F1xx_HAL_Driver/Src/stm32f1xx_hal_i2c.c.obj
 .text.I2C_MasterRequestWrite
                0x08002674       0xb4 CMakeFiles/HAL_C8T6.elf.dir/Drivers/STM32F1xx_HAL_Driver/Src/stm32f1xx_hal_i2c.c.obj
 .text.I2C_MasterRequestRead
                0x08002728      0x120 CMakeFiles/HAL_C8T6.elf.dir/Drivers/STM32F1xx_HAL_Driver/Src/stm32f1xx_hal_i2c.c.obj
 .text.I2C_WaitOnTXEFlagUntilTimeout
                0x08002848       0x5e CMakeFiles/HAL_C8T6.elf.dir/Drivers/STM32F1xx_HAL_Driver/Src/stm32f1xx_hal_i2c.c.obj
 *fill*         0x080028a6        0x2 
 .text.I2C_RequestMemoryWrite
                0x080028a8       0xd8 CMakeFiles/HAL_C8T6.elf.dir/Drivers/STM32F1xx_HAL_Driver/Src/stm32f1xx_hal_i2c.c.obj
 .text.I2C_RequestMemoryRead
                0x08002980      0x154 CMakeFiles/HAL_C8T6.elf.dir/Drivers/STM32F1xx_HAL_Driver/Src/stm32f1xx_hal_i2c.c.obj
 .text.I2C_WaitOnBTFFlagUntilTimeout
                0x08002ad4       0x5e CMakeFiles/HAL_C8T6.elf.dir/Drivers/STM32F1xx_HAL_Driver/Src/stm32f1xx_hal_i2c.c.obj
 .text.I2C_WaitOnRXNEFlagUntilTimeout
                0x08002b32       0x78 CMakeFiles/HAL_C8T6.elf.dir/Drivers/STM32F1xx_HAL_Driver/Src/stm32f1xx_hal_i2c.c.obj
 *fill*         0x08002baa        0x2 
 .text.HAL_I2C_Init
                0x08002bac      0x1bc CMakeFiles/HAL_C8T6.elf.dir/Drivers/STM32F1xx_HAL_Driver/Src/stm32f1xx_hal_i2c.c.obj
                0x08002bac                HAL_I2C_Init
 .text.HAL_I2C_Master_Transmit
                0x08002d68      0x178 CMakeFiles/HAL_C8T6.elf.dir/Drivers/STM32F1xx_HAL_Driver/Src/stm32f1xx_hal_i2c.c.obj
                0x08002d68                HAL_I2C_Master_Transmit
 .text.HAL_I2C_Master_Receive
                0x08002ee0      0x358 CMakeFiles/HAL_C8T6.elf.dir/Drivers/STM32F1xx_HAL_Driver/Src/stm32f1xx_hal_i2c.c.obj
                0x08002ee0                HAL_I2C_Master_Receive
 .text.HAL_I2C_Mem_Write
                0x08003238      0x164 CMakeFiles/HAL_C8T6.elf.dir/Drivers/STM32F1xx_HAL_Driver/Src/stm32f1xx_hal_i2c.c.obj
                0x08003238                HAL_I2C_Mem_Write
 .text.HAL_I2C_Mem_Read
                0x0800339c      0x348 CMakeFiles/HAL_C8T6.elf.dir/Drivers/STM32F1xx_HAL_Driver/Src/stm32f1xx_hal_i2c.c.obj
                0x0800339c                HAL_I2C_Mem_Read
 .text.RCC_Delay
                0x080036e4       0x2c CMakeFiles/HAL_C8T6.elf.dir/Drivers/STM32F1xx_HAL_Driver/Src/stm32f1xx_hal_rcc.c.obj
 .text.HAL_RCC_OscConfig
                0x08003710      0x410 CMakeFiles/HAL_C8T6.elf.dir/Drivers/STM32F1xx_HAL_Driver/Src/stm32f1xx_hal_rcc.c.obj
                0x08003710                HAL_RCC_OscConfig
 .text.HAL_RCC_GetSysClockFreq
                0x08003b20       0x54 CMakeFiles/HAL_C8T6.elf.dir/Drivers/STM32F1xx_HAL_Driver/Src/stm32f1xx_hal_rcc.c.obj
                0x08003b20                HAL_RCC_GetSysClockFreq
 .text.HAL_RCC_ClockConfig
                0x08003b74      0x16c CMakeFiles/HAL_C8T6.elf.dir/Drivers/STM32F1xx_HAL_Driver/Src/stm32f1xx_hal_rcc.c.obj
                0x08003b74                HAL_RCC_ClockConfig
 .text.HAL_RCC_GetHCLKFreq
                0x08003ce0        0xc CMakeFiles/HAL_C8T6.elf.dir/Drivers/STM32F1xx_HAL_Driver/Src/stm32f1xx_hal_rcc.c.obj
                0x08003ce0                HAL_RCC_GetHCLKFreq
 .text.HAL_RCC_GetPCLK1Freq
                0x08003cec       0x20 CMakeFiles/HAL_C8T6.elf.dir/Drivers/STM32F1xx_HAL_Driver/Src/stm32f1xx_hal_rcc.c.obj
                0x08003cec                HAL_RCC_GetPCLK1Freq
 .text.HAL_RCC_GetPCLK2Freq
                0x08003d0c       0x20 CMakeFiles/HAL_C8T6.elf.dir/Drivers/STM32F1xx_HAL_Driver/Src/stm32f1xx_hal_rcc.c.obj
                0x08003d0c                HAL_RCC_GetPCLK2Freq
 .text.HAL_RCC_GetClockConfig
                0x08003d2c       0x3c CMakeFiles/HAL_C8T6.elf.dir/Drivers/STM32F1xx_HAL_Driver/Src/stm32f1xx_hal_rcc.c.obj
                0x08003d2c                HAL_RCC_GetClockConfig
 .text.TIM_TI1_ConfigInputStage
                0x08003d68       0x24 CMakeFiles/HAL_C8T6.elf.dir/Drivers/STM32F1xx_HAL_Driver/Src/stm32f1xx_hal_tim.c.obj
 .text.TIM_TI2_SetConfig
                0x08003d8c       0x36 CMakeFiles/HAL_C8T6.elf.dir/Drivers/STM32F1xx_HAL_Driver/Src/stm32f1xx_hal_tim.c.obj
 .text.TIM_TI2_ConfigInputStage
                0x08003dc2       0x26 CMakeFiles/HAL_C8T6.elf.dir/Drivers/STM32F1xx_HAL_Driver/Src/stm32f1xx_hal_tim.c.obj
 .text.TIM_TI3_SetConfig
                0x08003de8       0x36 CMakeFiles/HAL_C8T6.elf.dir/Drivers/STM32F1xx_HAL_Driver/Src/stm32f1xx_hal_tim.c.obj
 .text.TIM_TI4_SetConfig
                0x08003e1e       0x36 CMakeFiles/HAL_C8T6.elf.dir/Drivers/STM32F1xx_HAL_Driver/Src/stm32f1xx_hal_tim.c.obj
 .text.TIM_ITRx_SetConfig
                0x08003e54       0x10 CMakeFiles/HAL_C8T6.elf.dir/Drivers/STM32F1xx_HAL_Driver/Src/stm32f1xx_hal_tim.c.obj
 .text.HAL_TIM_Base_Start_IT
                0x08003e64       0x68 CMakeFiles/HAL_C8T6.elf.dir/Drivers/STM32F1xx_HAL_Driver/Src/stm32f1xx_hal_tim.c.obj
                0x08003e64                HAL_TIM_Base_Start_IT
 .text.HAL_TIM_IC_MspInit
                0x08003ecc        0x2 CMakeFiles/HAL_C8T6.elf.dir/Drivers/STM32F1xx_HAL_Driver/Src/stm32f1xx_hal_tim.c.obj
                0x08003ecc                HAL_TIM_IC_MspInit
 .text.HAL_TIM_ReadCapturedValue
                0x08003ece       0x32 CMakeFiles/HAL_C8T6.elf.dir/Drivers/STM32F1xx_HAL_Driver/Src/stm32f1xx_hal_tim.c.obj
                0x08003ece                HAL_TIM_ReadCapturedValue
 .text.HAL_TIM_OC_DelayElapsedCallback
                0x08003f00        0x2 CMakeFiles/HAL_C8T6.elf.dir/Drivers/STM32F1xx_HAL_Driver/Src/stm32f1xx_hal_tim.c.obj
                0x08003f00                HAL_TIM_OC_DelayElapsedCallback
 .text.HAL_TIM_PWM_PulseFinishedCallback
                0x08003f02        0x2 CMakeFiles/HAL_C8T6.elf.dir/Drivers/STM32F1xx_HAL_Driver/Src/stm32f1xx_hal_tim.c.obj
                0x08003f02                HAL_TIM_PWM_PulseFinishedCallback
 .text.HAL_TIM_TriggerCallback
                0x08003f04        0x2 CMakeFiles/HAL_C8T6.elf.dir/Drivers/STM32F1xx_HAL_Driver/Src/stm32f1xx_hal_tim.c.obj
                0x08003f04                HAL_TIM_TriggerCallback
 .text.HAL_TIM_IRQHandler
                0x08003f06      0x17a CMakeFiles/HAL_C8T6.elf.dir/Drivers/STM32F1xx_HAL_Driver/Src/stm32f1xx_hal_tim.c.obj
                0x08003f06                HAL_TIM_IRQHandler
 .text.TIM_Base_SetConfig
                0x08004080       0x74 CMakeFiles/HAL_C8T6.elf.dir/Drivers/STM32F1xx_HAL_Driver/Src/stm32f1xx_hal_tim.c.obj
                0x08004080                TIM_Base_SetConfig
 .text.HAL_TIM_Base_Init
                0x080040f4       0x58 CMakeFiles/HAL_C8T6.elf.dir/Drivers/STM32F1xx_HAL_Driver/Src/stm32f1xx_hal_tim.c.obj
                0x080040f4                HAL_TIM_Base_Init
 .text.HAL_TIM_IC_Init
                0x0800414c       0x58 CMakeFiles/HAL_C8T6.elf.dir/Drivers/STM32F1xx_HAL_Driver/Src/stm32f1xx_hal_tim.c.obj
                0x0800414c                HAL_TIM_IC_Init
 .text.TIM_TI1_SetConfig
                0x080041a4       0x58 CMakeFiles/HAL_C8T6.elf.dir/Drivers/STM32F1xx_HAL_Driver/Src/stm32f1xx_hal_tim.c.obj
                0x080041a4                TIM_TI1_SetConfig
 .text.HAL_TIM_IC_ConfigChannel
                0x080041fc       0xc4 CMakeFiles/HAL_C8T6.elf.dir/Drivers/STM32F1xx_HAL_Driver/Src/stm32f1xx_hal_tim.c.obj
                0x080041fc                HAL_TIM_IC_ConfigChannel
 .text.TIM_ETR_SetConfig
                0x080042c0       0x18 CMakeFiles/HAL_C8T6.elf.dir/Drivers/STM32F1xx_HAL_Driver/Src/stm32f1xx_hal_tim.c.obj
                0x080042c0                TIM_ETR_SetConfig
 .text.HAL_TIM_ConfigClockSource
                0x080042d8       0xfe CMakeFiles/HAL_C8T6.elf.dir/Drivers/STM32F1xx_HAL_Driver/Src/stm32f1xx_hal_tim.c.obj
                0x080042d8                HAL_TIM_ConfigClockSource
 .text.TIM_CCxChannelCmd
                0x080043d6       0x1e CMakeFiles/HAL_C8T6.elf.dir/Drivers/STM32F1xx_HAL_Driver/Src/stm32f1xx_hal_tim.c.obj
                0x080043d6                TIM_CCxChannelCmd
 .text.HAL_TIM_IC_Start_IT
                0x080043f4      0x154 CMakeFiles/HAL_C8T6.elf.dir/Drivers/STM32F1xx_HAL_Driver/Src/stm32f1xx_hal_tim.c.obj
                0x080043f4                HAL_TIM_IC_Start_IT
 .text.HAL_TIM_IC_Stop_IT
                0x08004548       0xd0 CMakeFiles/HAL_C8T6.elf.dir/Drivers/STM32F1xx_HAL_Driver/Src/stm32f1xx_hal_tim.c.obj
                0x08004548                HAL_TIM_IC_Stop_IT
 .text.HAL_TIMEx_MasterConfigSynchronization
                0x08004618       0x6c CMakeFiles/HAL_C8T6.elf.dir/Drivers/STM32F1xx_HAL_Driver/Src/stm32f1xx_hal_tim_ex.c.obj
                0x08004618                HAL_TIMEx_MasterConfigSynchronization
 .text.HAL_TIMEx_CommutCallback
                0x08004684        0x2 CMakeFiles/HAL_C8T6.elf.dir/Drivers/STM32F1xx_HAL_Driver/Src/stm32f1xx_hal_tim_ex.c.obj
                0x08004684                HAL_TIMEx_CommutCallback
 .text.HAL_TIMEx_BreakCallback
                0x08004686        0x2 CMakeFiles/HAL_C8T6.elf.dir/Drivers/STM32F1xx_HAL_Driver/Src/stm32f1xx_hal_tim_ex.c.obj
                0x08004686                HAL_TIMEx_BreakCallback
 .text.UART_EndRxTransfer
                0x08004688       0x5c CMakeFiles/HAL_C8T6.elf.dir/Drivers/STM32F1xx_HAL_Driver/Src/stm32f1xx_hal_uart.c.obj
 .text.UART_Transmit_IT
                0x080046e4       0x60 CMakeFiles/HAL_C8T6.elf.dir/Drivers/STM32F1xx_HAL_Driver/Src/stm32f1xx_hal_uart.c.obj
 .text.UART_SetConfig
                0x08004744       0x94 CMakeFiles/HAL_C8T6.elf.dir/Drivers/STM32F1xx_HAL_Driver/Src/stm32f1xx_hal_uart.c.obj
 .text.HAL_UART_Init
                0x080047d8       0x60 CMakeFiles/HAL_C8T6.elf.dir/Drivers/STM32F1xx_HAL_Driver/Src/stm32f1xx_hal_uart.c.obj
                0x080047d8                HAL_UART_Init
 .text.HAL_UART_TxCpltCallback
                0x08004838        0x2 CMakeFiles/HAL_C8T6.elf.dir/Drivers/STM32F1xx_HAL_Driver/Src/stm32f1xx_hal_uart.c.obj
                0x08004838                HAL_UART_TxCpltCallback
 .text.UART_EndTransmit_IT
                0x0800483a       0x1a CMakeFiles/HAL_C8T6.elf.dir/Drivers/STM32F1xx_HAL_Driver/Src/stm32f1xx_hal_uart.c.obj
 .text.HAL_UART_ErrorCallback
                0x08004854        0x2 CMakeFiles/HAL_C8T6.elf.dir/Drivers/STM32F1xx_HAL_Driver/Src/stm32f1xx_hal_uart.c.obj
                0x08004854                HAL_UART_ErrorCallback
 .text.UART_DMAAbortOnError
                0x08004856       0x10 CMakeFiles/HAL_C8T6.elf.dir/Drivers/STM32F1xx_HAL_Driver/Src/stm32f1xx_hal_uart.c.obj
 .text.HAL_UARTEx_RxEventCallback
                0x08004866        0x2 CMakeFiles/HAL_C8T6.elf.dir/Drivers/STM32F1xx_HAL_Driver/Src/stm32f1xx_hal_uart.c.obj
                0x08004866                HAL_UARTEx_RxEventCallback
 .text.UART_Receive_IT
                0x08004868       0xe6 CMakeFiles/HAL_C8T6.elf.dir/Drivers/STM32F1xx_HAL_Driver/Src/stm32f1xx_hal_uart.c.obj
 *fill*         0x0800494e        0x2 
 .text.HAL_UART_IRQHandler
                0x08004950      0x288 CMakeFiles/HAL_C8T6.elf.dir/Drivers/STM32F1xx_HAL_Driver/Src/stm32f1xx_hal_uart.c.obj
                0x08004950                HAL_UART_IRQHandler
 .text.UART_Start_Receive_IT
                0x08004bd8       0x36 CMakeFiles/HAL_C8T6.elf.dir/Drivers/STM32F1xx_HAL_Driver/Src/stm32f1xx_hal_uart.c.obj
                0x08004bd8                UART_Start_Receive_IT
 .text.HAL_UART_Receive_IT
                0x08004c0e       0x26 CMakeFiles/HAL_C8T6.elf.dir/Drivers/STM32F1xx_HAL_Driver/Src/stm32f1xx_hal_uart.c.obj
                0x08004c0e                HAL_UART_Receive_IT
 .text.osKernelInitialize
                0x08004c34       0x44 CMakeFiles/HAL_C8T6.elf.dir/Middlewares/Third_Party/FreeRTOS/Source/CMSIS_RTOS_V2/cmsis_os2.c.obj
                0x08004c34                osKernelInitialize
 .text.osKernelStart
                0x08004c78       0x4c CMakeFiles/HAL_C8T6.elf.dir/Middlewares/Third_Party/FreeRTOS/Source/CMSIS_RTOS_V2/cmsis_os2.c.obj
                0x08004c78                osKernelStart
 .text.osThreadNew
                0x08004cc4       0xec CMakeFiles/HAL_C8T6.elf.dir/Middlewares/Third_Party/FreeRTOS/Source/CMSIS_RTOS_V2/cmsis_os2.c.obj
                0x08004cc4                osThreadNew
 .text.osDelay  0x08004db0       0x44 CMakeFiles/HAL_C8T6.elf.dir/Middlewares/Third_Party/FreeRTOS/Source/CMSIS_RTOS_V2/cmsis_os2.c.obj
                0x08004db0                osDelay
 .text.osEventFlagsNew
                0x08004df4       0x68 CMakeFiles/HAL_C8T6.elf.dir/Middlewares/Third_Party/FreeRTOS/Source/CMSIS_RTOS_V2/cmsis_os2.c.obj
                0x08004df4                osEventFlagsNew
 .text.osEventFlagsSet
                0x08004e5c       0x7c CMakeFiles/HAL_C8T6.elf.dir/Middlewares/Third_Party/FreeRTOS/Source/CMSIS_RTOS_V2/cmsis_os2.c.obj
                0x08004e5c                osEventFlagsSet
 .text.osEventFlagsWait
                0x08004ed8       0x9c CMakeFiles/HAL_C8T6.elf.dir/Middlewares/Third_Party/FreeRTOS/Source/CMSIS_RTOS_V2/cmsis_os2.c.obj
                0x08004ed8                osEventFlagsWait
 .text.vApplicationGetIdleTaskMemory
                0x08004f74       0x18 CMakeFiles/HAL_C8T6.elf.dir/Middlewares/Third_Party/FreeRTOS/Source/CMSIS_RTOS_V2/cmsis_os2.c.obj
                0x08004f74                vApplicationGetIdleTaskMemory
 .text.vApplicationGetTimerTaskMemory
                0x08004f8c       0x18 CMakeFiles/HAL_C8T6.elf.dir/Middlewares/Third_Party/FreeRTOS/Source/CMSIS_RTOS_V2/cmsis_os2.c.obj
                0x08004f8c                vApplicationGetTimerTaskMemory
 .text.prvTestWaitCondition
                0x08004fa4       0x1c CMakeFiles/HAL_C8T6.elf.dir/Middlewares/Third_Party/FreeRTOS/Source/event_groups.c.obj
 .text.xEventGroupCreateStatic
                0x08004fc0       0x4a CMakeFiles/HAL_C8T6.elf.dir/Middlewares/Third_Party/FreeRTOS/Source/event_groups.c.obj
                0x08004fc0                xEventGroupCreateStatic
 .text.xEventGroupCreate
                0x0800500a       0x1c CMakeFiles/HAL_C8T6.elf.dir/Middlewares/Third_Party/FreeRTOS/Source/event_groups.c.obj
                0x0800500a                xEventGroupCreate
 .text.xEventGroupWaitBits
                0x08005026      0x108 CMakeFiles/HAL_C8T6.elf.dir/Middlewares/Third_Party/FreeRTOS/Source/event_groups.c.obj
                0x08005026                xEventGroupWaitBits
 .text.xEventGroupSetBits
                0x0800512e       0x8c CMakeFiles/HAL_C8T6.elf.dir/Middlewares/Third_Party/FreeRTOS/Source/event_groups.c.obj
                0x0800512e                xEventGroupSetBits
 .text.vEventGroupSetBitsCallback
                0x080051ba        0x8 CMakeFiles/HAL_C8T6.elf.dir/Middlewares/Third_Party/FreeRTOS/Source/event_groups.c.obj
                0x080051ba                vEventGroupSetBitsCallback
 *fill*         0x080051c2        0x2 
 .text.xEventGroupSetBitsFromISR
                0x080051c4       0x14 CMakeFiles/HAL_C8T6.elf.dir/Middlewares/Third_Party/FreeRTOS/Source/event_groups.c.obj
                0x080051c4                xEventGroupSetBitsFromISR
 .text.vListInitialise
                0x080051d8       0x16 CMakeFiles/HAL_C8T6.elf.dir/Middlewares/Third_Party/FreeRTOS/Source/list.c.obj
                0x080051d8                vListInitialise
 .text.vListInitialiseItem
                0x080051ee        0x6 CMakeFiles/HAL_C8T6.elf.dir/Middlewares/Third_Party/FreeRTOS/Source/list.c.obj
                0x080051ee                vListInitialiseItem
 .text.vListInsertEnd
                0x080051f4       0x16 CMakeFiles/HAL_C8T6.elf.dir/Middlewares/Third_Party/FreeRTOS/Source/list.c.obj
                0x080051f4                vListInsertEnd
 .text.vListInsert
                0x0800520a       0x32 CMakeFiles/HAL_C8T6.elf.dir/Middlewares/Third_Party/FreeRTOS/Source/list.c.obj
                0x0800520a                vListInsert
 .text.uxListRemove
                0x0800523c       0x26 CMakeFiles/HAL_C8T6.elf.dir/Middlewares/Third_Party/FreeRTOS/Source/list.c.obj
                0x0800523c                uxListRemove
 *fill*         0x08005262        0x2 
 .text.prvTaskExitError
                0x08005264       0x40 CMakeFiles/HAL_C8T6.elf.dir/Middlewares/Third_Party/FreeRTOS/Source/portable/GCC/ARM_CM3/port.c.obj
 .text.prvPortStartFirstTask
                0x080052a4       0x20 CMakeFiles/HAL_C8T6.elf.dir/Middlewares/Third_Party/FreeRTOS/Source/portable/GCC/ARM_CM3/port.c.obj
 .text.pxPortInitialiseStack
                0x080052c4       0x24 CMakeFiles/HAL_C8T6.elf.dir/Middlewares/Third_Party/FreeRTOS/Source/portable/GCC/ARM_CM3/port.c.obj
                0x080052c4                pxPortInitialiseStack
 *fill*         0x080052e8        0x8 
 .text.SVC_Handler
                0x080052f0       0x24 CMakeFiles/HAL_C8T6.elf.dir/Middlewares/Third_Party/FreeRTOS/Source/portable/GCC/ARM_CM3/port.c.obj
                0x080052f0                SVC_Handler
 .text.vPortEnterCritical
                0x08005314       0x44 CMakeFiles/HAL_C8T6.elf.dir/Middlewares/Third_Party/FreeRTOS/Source/portable/GCC/ARM_CM3/port.c.obj
                0x08005314                vPortEnterCritical
 .text.vPortExitCritical
                0x08005358       0x2c CMakeFiles/HAL_C8T6.elf.dir/Middlewares/Third_Party/FreeRTOS/Source/portable/GCC/ARM_CM3/port.c.obj
                0x08005358                vPortExitCritical
 *fill*         0x08005384        0xc 
 .text.PendSV_Handler
                0x08005390       0x44 CMakeFiles/HAL_C8T6.elf.dir/Middlewares/Third_Party/FreeRTOS/Source/portable/GCC/ARM_CM3/port.c.obj
                0x08005390                PendSV_Handler
 .text.SysTick_Handler
                0x080053d4       0x2c CMakeFiles/HAL_C8T6.elf.dir/Middlewares/Third_Party/FreeRTOS/Source/portable/GCC/ARM_CM3/port.c.obj
                0x080053d4                SysTick_Handler
 .text.vPortSetupTimerInterrupt
                0x08005400       0x28 CMakeFiles/HAL_C8T6.elf.dir/Middlewares/Third_Party/FreeRTOS/Source/portable/GCC/ARM_CM3/port.c.obj
                0x08005400                vPortSetupTimerInterrupt
 .text.xPortStartScheduler
                0x08005428       0xc0 CMakeFiles/HAL_C8T6.elf.dir/Middlewares/Third_Party/FreeRTOS/Source/portable/GCC/ARM_CM3/port.c.obj
                0x08005428                xPortStartScheduler
 .text.vPortValidateInterruptPriority
                0x080054e8       0x5c CMakeFiles/HAL_C8T6.elf.dir/Middlewares/Third_Party/FreeRTOS/Source/portable/GCC/ARM_CM3/port.c.obj
                0x080054e8                vPortValidateInterruptPriority
 .text.prvHeapInit
                0x08005544       0x64 CMakeFiles/HAL_C8T6.elf.dir/Middlewares/Third_Party/FreeRTOS/Source/portable/MemMang/heap_4.c.obj
 .text.prvInsertBlockIntoFreeList
                0x080055a8       0x60 CMakeFiles/HAL_C8T6.elf.dir/Middlewares/Third_Party/FreeRTOS/Source/portable/MemMang/heap_4.c.obj
 .text.pvPortMalloc
                0x08005608       0xf0 CMakeFiles/HAL_C8T6.elf.dir/Middlewares/Third_Party/FreeRTOS/Source/portable/MemMang/heap_4.c.obj
                0x08005608                pvPortMalloc
 .text.vPortFree
                0x080056f8       0x70 CMakeFiles/HAL_C8T6.elf.dir/Middlewares/Third_Party/FreeRTOS/Source/portable/MemMang/heap_4.c.obj
                0x080056f8                vPortFree
 .text.prvIsQueueFull
                0x08005768       0x1e CMakeFiles/HAL_C8T6.elf.dir/Middlewares/Third_Party/FreeRTOS/Source/queue.c.obj
 .text.prvIsQueueEmpty
                0x08005786       0x1a CMakeFiles/HAL_C8T6.elf.dir/Middlewares/Third_Party/FreeRTOS/Source/queue.c.obj
 .text.prvCopyDataToQueue
                0x080057a0       0x76 CMakeFiles/HAL_C8T6.elf.dir/Middlewares/Third_Party/FreeRTOS/Source/queue.c.obj
 .text.prvCopyDataFromQueue
                0x08005816       0x24 CMakeFiles/HAL_C8T6.elf.dir/Middlewares/Third_Party/FreeRTOS/Source/queue.c.obj
 .text.prvUnlockQueue
                0x0800583a       0x6e CMakeFiles/HAL_C8T6.elf.dir/Middlewares/Third_Party/FreeRTOS/Source/queue.c.obj
 .text.xQueueGenericReset
                0x080058a8       0x84 CMakeFiles/HAL_C8T6.elf.dir/Middlewares/Third_Party/FreeRTOS/Source/queue.c.obj
                0x080058a8                xQueueGenericReset
 .text.prvInitialiseNewQueue
                0x0800592c       0x22 CMakeFiles/HAL_C8T6.elf.dir/Middlewares/Third_Party/FreeRTOS/Source/queue.c.obj
 .text.xQueueGenericCreateStatic
                0x0800594e       0x92 CMakeFiles/HAL_C8T6.elf.dir/Middlewares/Third_Party/FreeRTOS/Source/queue.c.obj
                0x0800594e                xQueueGenericCreateStatic
 .text.xQueueGenericSend
                0x080059e0      0x188 CMakeFiles/HAL_C8T6.elf.dir/Middlewares/Third_Party/FreeRTOS/Source/queue.c.obj
                0x080059e0                xQueueGenericSend
 .text.xQueueGenericSendFromISR
                0x08005b68       0xcc CMakeFiles/HAL_C8T6.elf.dir/Middlewares/Third_Party/FreeRTOS/Source/queue.c.obj
                0x08005b68                xQueueGenericSendFromISR
 .text.xQueueReceive
                0x08005c34      0x15e CMakeFiles/HAL_C8T6.elf.dir/Middlewares/Third_Party/FreeRTOS/Source/queue.c.obj
                0x08005c34                xQueueReceive
 *fill*         0x08005d92        0x2 
 .text.vQueueAddToRegistry
                0x08005d94       0x28 CMakeFiles/HAL_C8T6.elf.dir/Middlewares/Third_Party/FreeRTOS/Source/queue.c.obj
                0x08005d94                vQueueAddToRegistry
 .text.vQueueWaitForMessageRestricted
                0x08005dbc       0x52 CMakeFiles/HAL_C8T6.elf.dir/Middlewares/Third_Party/FreeRTOS/Source/queue.c.obj
                0x08005dbc                vQueueWaitForMessageRestricted
 *fill*         0x08005e0e        0x2 
 .text.prvResetNextTaskUnblockTime
                0x08005e10       0x2c CMakeFiles/HAL_C8T6.elf.dir/Middlewares/Third_Party/FreeRTOS/Source/tasks.c.obj
 .text.prvInitialiseNewTask
                0x08005e3c       0x9c CMakeFiles/HAL_C8T6.elf.dir/Middlewares/Third_Party/FreeRTOS/Source/tasks.c.obj
 .text.prvInitialiseTaskLists
                0x08005ed8       0x68 CMakeFiles/HAL_C8T6.elf.dir/Middlewares/Third_Party/FreeRTOS/Source/tasks.c.obj
 .text.prvAddNewTaskToReadyList
                0x08005f40       0xac CMakeFiles/HAL_C8T6.elf.dir/Middlewares/Third_Party/FreeRTOS/Source/tasks.c.obj
 .text.prvDeleteTCB
                0x08005fec       0x38 CMakeFiles/HAL_C8T6.elf.dir/Middlewares/Third_Party/FreeRTOS/Source/tasks.c.obj
 .text.prvCheckTasksWaitingTermination
                0x08006024       0x4c CMakeFiles/HAL_C8T6.elf.dir/Middlewares/Third_Party/FreeRTOS/Source/tasks.c.obj
 .text.prvIdleTask
                0x08006070       0x28 CMakeFiles/HAL_C8T6.elf.dir/Middlewares/Third_Party/FreeRTOS/Source/tasks.c.obj
 .text.prvAddCurrentTaskToDelayedList
                0x08006098       0x7c CMakeFiles/HAL_C8T6.elf.dir/Middlewares/Third_Party/FreeRTOS/Source/tasks.c.obj
 .text.xTaskCreateStatic
                0x08006114       0x74 CMakeFiles/HAL_C8T6.elf.dir/Middlewares/Third_Party/FreeRTOS/Source/tasks.c.obj
                0x08006114                xTaskCreateStatic
 .text.xTaskCreate
                0x08006188       0x68 CMakeFiles/HAL_C8T6.elf.dir/Middlewares/Third_Party/FreeRTOS/Source/tasks.c.obj
                0x08006188                xTaskCreate
 .text.vTaskStartScheduler
                0x080061f0       0x9c CMakeFiles/HAL_C8T6.elf.dir/Middlewares/Third_Party/FreeRTOS/Source/tasks.c.obj
                0x080061f0                vTaskStartScheduler
 .text.vTaskSuspendAll
                0x0800628c       0x10 CMakeFiles/HAL_C8T6.elf.dir/Middlewares/Third_Party/FreeRTOS/Source/tasks.c.obj
                0x0800628c                vTaskSuspendAll
 .text.xTaskGetTickCount
                0x0800629c        0xc CMakeFiles/HAL_C8T6.elf.dir/Middlewares/Third_Party/FreeRTOS/Source/tasks.c.obj
                0x0800629c                xTaskGetTickCount
 .text.xTaskIncrementTick
                0x080062a8      0x118 CMakeFiles/HAL_C8T6.elf.dir/Middlewares/Third_Party/FreeRTOS/Source/tasks.c.obj
                0x080062a8                xTaskIncrementTick
 .text.xTaskResumeAll
                0x080063c0       0xf8 CMakeFiles/HAL_C8T6.elf.dir/Middlewares/Third_Party/FreeRTOS/Source/tasks.c.obj
                0x080063c0                xTaskResumeAll
 .text.vTaskDelay
                0x080064b8       0x4c CMakeFiles/HAL_C8T6.elf.dir/Middlewares/Third_Party/FreeRTOS/Source/tasks.c.obj
                0x080064b8                vTaskDelay
 .text.vTaskSwitchContext
                0x08006504       0x94 CMakeFiles/HAL_C8T6.elf.dir/Middlewares/Third_Party/FreeRTOS/Source/tasks.c.obj
                0x08006504                vTaskSwitchContext
 .text.vTaskPlaceOnEventList
                0x08006598       0x30 CMakeFiles/HAL_C8T6.elf.dir/Middlewares/Third_Party/FreeRTOS/Source/tasks.c.obj
                0x08006598                vTaskPlaceOnEventList
 .text.vTaskPlaceOnUnorderedEventList
                0x080065c8       0x58 CMakeFiles/HAL_C8T6.elf.dir/Middlewares/Third_Party/FreeRTOS/Source/tasks.c.obj
                0x080065c8                vTaskPlaceOnUnorderedEventList
 .text.vTaskPlaceOnEventListRestricted
                0x08006620       0x38 CMakeFiles/HAL_C8T6.elf.dir/Middlewares/Third_Party/FreeRTOS/Source/tasks.c.obj
                0x08006620                vTaskPlaceOnEventListRestricted
 .text.xTaskRemoveFromEventList
                0x08006658       0x8c CMakeFiles/HAL_C8T6.elf.dir/Middlewares/Third_Party/FreeRTOS/Source/tasks.c.obj
                0x08006658                xTaskRemoveFromEventList
 .text.vTaskRemoveFromUnorderedEventList
                0x080066e4       0x88 CMakeFiles/HAL_C8T6.elf.dir/Middlewares/Third_Party/FreeRTOS/Source/tasks.c.obj
                0x080066e4                vTaskRemoveFromUnorderedEventList
 .text.vTaskInternalSetTimeOutState
                0x0800676c       0x18 CMakeFiles/HAL_C8T6.elf.dir/Middlewares/Third_Party/FreeRTOS/Source/tasks.c.obj
                0x0800676c                vTaskInternalSetTimeOutState
 .text.xTaskCheckForTimeOut
                0x08006784       0x84 CMakeFiles/HAL_C8T6.elf.dir/Middlewares/Third_Party/FreeRTOS/Source/tasks.c.obj
                0x08006784                xTaskCheckForTimeOut
 .text.vTaskMissedYield
                0x08006808        0xc CMakeFiles/HAL_C8T6.elf.dir/Middlewares/Third_Party/FreeRTOS/Source/tasks.c.obj
                0x08006808                vTaskMissedYield
 .text.xTaskGetSchedulerState
                0x08006814       0x20 CMakeFiles/HAL_C8T6.elf.dir/Middlewares/Third_Party/FreeRTOS/Source/tasks.c.obj
                0x08006814                xTaskGetSchedulerState
 .text.xTaskPriorityDisinherit
                0x08006834       0x90 CMakeFiles/HAL_C8T6.elf.dir/Middlewares/Third_Party/FreeRTOS/Source/tasks.c.obj
                0x08006834                xTaskPriorityDisinherit
 .text.uxTaskResetEventItemValue
                0x080068c4       0x18 CMakeFiles/HAL_C8T6.elf.dir/Middlewares/Third_Party/FreeRTOS/Source/tasks.c.obj
                0x080068c4                uxTaskResetEventItemValue
 .text.prvGetNextExpireTime
                0x080068dc       0x20 CMakeFiles/HAL_C8T6.elf.dir/Middlewares/Third_Party/FreeRTOS/Source/timers.c.obj
 .text.prvInsertTimerInActiveList
                0x080068fc       0x48 CMakeFiles/HAL_C8T6.elf.dir/Middlewares/Third_Party/FreeRTOS/Source/timers.c.obj
 .text.prvCheckForValidListAndQueue
                0x08006944       0x70 CMakeFiles/HAL_C8T6.elf.dir/Middlewares/Third_Party/FreeRTOS/Source/timers.c.obj
 .text.xTimerCreateTimerTask
                0x080069b4       0x64 CMakeFiles/HAL_C8T6.elf.dir/Middlewares/Third_Party/FreeRTOS/Source/timers.c.obj
                0x080069b4                xTimerCreateTimerTask
 .text.xTimerGenericCommand
                0x08006a18       0x6c CMakeFiles/HAL_C8T6.elf.dir/Middlewares/Third_Party/FreeRTOS/Source/timers.c.obj
                0x08006a18                xTimerGenericCommand
 .text.prvSwitchTimerLists
                0x08006a84       0x78 CMakeFiles/HAL_C8T6.elf.dir/Middlewares/Third_Party/FreeRTOS/Source/timers.c.obj
 .text.prvSampleTimeNow
                0x08006afc       0x2c CMakeFiles/HAL_C8T6.elf.dir/Middlewares/Third_Party/FreeRTOS/Source/timers.c.obj
 .text.prvProcessExpiredTimer
                0x08006b28       0x60 CMakeFiles/HAL_C8T6.elf.dir/Middlewares/Third_Party/FreeRTOS/Source/timers.c.obj
 .text.prvProcessTimerOrBlockTask
                0x08006b88       0x74 CMakeFiles/HAL_C8T6.elf.dir/Middlewares/Third_Party/FreeRTOS/Source/timers.c.obj
 .text.prvProcessReceivedCommands
                0x08006bfc       0xf8 CMakeFiles/HAL_C8T6.elf.dir/Middlewares/Third_Party/FreeRTOS/Source/timers.c.obj
 .text.prvTimerTask
                0x08006cf4       0x16 CMakeFiles/HAL_C8T6.elf.dir/Middlewares/Third_Party/FreeRTOS/Source/timers.c.obj
 *fill*         0x08006d0a        0x2 
 .text.xTimerPendFunctionCallFromISR
                0x08006d0c       0x28 CMakeFiles/HAL_C8T6.elf.dir/Middlewares/Third_Party/FreeRTOS/Source/timers.c.obj
                0x08006d0c                xTimerPendFunctionCallFromISR
 .text.__libc_init_array
                0x08006d34       0x48 d:/enviro~1/gnuarm~1/102021~1.10/bin/../lib/gcc/arm-none-eabi/10.3.1/../../../../arm-none-eabi/lib/thumb/v7-m/nofp\libg.a(lib_a-init.o)
                0x08006d34                __libc_init_array
 .text.memset   0x08006d7c       0xa4 d:/enviro~1/gnuarm~1/102021~1.10/bin/../lib/gcc/arm-none-eabi/10.3.1/../../../../arm-none-eabi/lib/thumb/v7-m/nofp\libg.a(lib_a-memset.o)
                0x08006d7c                memset
 .text.startup.register_fini
                0x08006e20       0x14 d:/enviro~1/gnuarm~1/102021~1.10/bin/../lib/gcc/arm-none-eabi/10.3.1/../../../../arm-none-eabi/lib/thumb/v7-m/nofp\libg.a(lib_a-__call_atexit.o)
 .text.atexit   0x08006e34        0xc d:/enviro~1/gnuarm~1/102021~1.10/bin/../lib/gcc/arm-none-eabi/10.3.1/../../../../arm-none-eabi/lib/thumb/v7-m/nofp\libg.a(lib_a-atexit.o)
                0x08006e34                atexit
 .text.__libc_fini_array
                0x08006e40       0x2c d:/enviro~1/gnuarm~1/102021~1.10/bin/../lib/gcc/arm-none-eabi/10.3.1/../../../../arm-none-eabi/lib/thumb/v7-m/nofp\libg.a(lib_a-fini.o)
                0x08006e40                __libc_fini_array
 .text.__retarget_lock_acquire_recursive
                0x08006e6c        0x4 d:/enviro~1/gnuarm~1/102021~1.10/bin/../lib/gcc/arm-none-eabi/10.3.1/../../../../arm-none-eabi/lib/thumb/v7-m/nofp\libg.a(lib_a-lock.o)
                0x08006e6c                __retarget_lock_acquire_recursive
 .text.__retarget_lock_release_recursive
                0x08006e70        0x4 d:/enviro~1/gnuarm~1/102021~1.10/bin/../lib/gcc/arm-none-eabi/10.3.1/../../../../arm-none-eabi/lib/thumb/v7-m/nofp\libg.a(lib_a-lock.o)
                0x08006e70                __retarget_lock_release_recursive
 .text.__register_exitproc
                0x08006e74       0x8c d:/enviro~1/gnuarm~1/102021~1.10/bin/../lib/gcc/arm-none-eabi/10.3.1/../../../../arm-none-eabi/lib/thumb/v7-m/nofp\libg.a(lib_a-__atexit.o)
                0x08006e74                __register_exitproc
 .text.floor    0x08006f00       0xf8 d:/enviro~1/gnuarm~1/102021~1.10/bin/../lib/gcc/arm-none-eabi/10.3.1/../../../../arm-none-eabi/lib/thumb/v7-m/nofp\libm.a(lib_a-s_floor.o)
                0x08006f00                floor
 *(.glue_7)
 .glue_7        0x08006ff8        0x0 linker stubs
 *(.glue_7t)
 .glue_7t       0x08006ff8        0x0 linker stubs
 *(.eh_frame)
 .eh_frame      0x08006ff8        0x0 d:/enviro~1/gnuarm~1/102021~1.10/bin/../lib/gcc/arm-none-eabi/10.3.1/thumb/v7-m/nofp/crtbegin.o
 *(.init)
 .init          0x08006ff8        0x4 d:/enviro~1/gnuarm~1/102021~1.10/bin/../lib/gcc/arm-none-eabi/10.3.1/thumb/v7-m/nofp/crti.o
                0x08006ff8                _init
 .init          0x08006ffc        0x8 d:/enviro~1/gnuarm~1/102021~1.10/bin/../lib/gcc/arm-none-eabi/10.3.1/thumb/v7-m/nofp/crtn.o
 *(.fini)
 .fini          0x08007004        0x4 d:/enviro~1/gnuarm~1/102021~1.10/bin/../lib/gcc/arm-none-eabi/10.3.1/thumb/v7-m/nofp/crti.o
                0x08007004                _fini
 .fini          0x08007008        0x8 d:/enviro~1/gnuarm~1/102021~1.10/bin/../lib/gcc/arm-none-eabi/10.3.1/thumb/v7-m/nofp/crtn.o
                0x08007010                . = ALIGN (0x4)
                0x08007010                _etext = .

.vfp11_veneer   0x08007010        0x0
 .vfp11_veneer  0x08007010        0x0 linker stubs

.v4_bx          0x08007010        0x0
 .v4_bx         0x08007010        0x0 linker stubs

.iplt           0x08007010        0x0
 .iplt          0x08007010        0x0 d:/enviro~1/gnuarm~1/102021~1.10/bin/../lib/gcc/arm-none-eabi/10.3.1/thumb/v7-m/nofp/crtbegin.o

.rodata         0x08007010     0x1460
                0x08007010                . = ALIGN (0x4)
 *(.rodata)
 *(.rodata*)
 .rodata.active_task.str1.4
                0x08007010       0x3b CMakeFiles/HAL_C8T6.elf.dir/Core/Src/freertos.c.obj
 *fill*         0x0800704b        0x1 
 .rodata.str1.4
                0x0800704c       0x20 CMakeFiles/HAL_C8T6.elf.dir/Core/Src/freertos.c.obj
 .rodata.activeEvent_attributes
                0x0800706c       0x10 CMakeFiles/HAL_C8T6.elf.dir/Core/Src/freertos.c.obj
                0x0800706c                activeEvent_attributes
 .rodata.active_attributes
                0x0800707c       0x24 CMakeFiles/HAL_C8T6.elf.dir/Core/Src/freertos.c.obj
                0x0800707c                active_attributes
 .rodata.defaultTask_attributes
                0x080070a0       0x24 CMakeFiles/HAL_C8T6.elf.dir/Core/Src/freertos.c.obj
                0x080070a0                defaultTask_attributes
 .rodata.display_oled.str1.4
                0x080070c4       0x16 CMakeFiles/HAL_C8T6.elf.dir/Core/Src/ssd1306.c.obj
 *fill*         0x080070da        0x2 
 .rodata.font11x18_data
                0x080070dc      0xd5c CMakeFiles/HAL_C8T6.elf.dir/Core/Src/ssd1306_font.c.obj
 .rodata.font6x8_data
                0x08007e38      0x5f0 CMakeFiles/HAL_C8T6.elf.dir/Core/Src/ssd1306_font.c.obj
 .rodata.AHBPrescTable
                0x08008428       0x10 CMakeFiles/HAL_C8T6.elf.dir/Core/Src/system_stm32f1xx.c.obj
                0x08008428                AHBPrescTable
 .rodata.APBPrescTable
                0x08008438        0x8 CMakeFiles/HAL_C8T6.elf.dir/Core/Src/system_stm32f1xx.c.obj
                0x08008438                APBPrescTable
 .rodata.aPLLMULFactorTable.1
                0x08008440       0x10 CMakeFiles/HAL_C8T6.elf.dir/Drivers/STM32F1xx_HAL_Driver/Src/stm32f1xx_hal_rcc.c.obj
 .rodata.aPredivFactorTable.0
                0x08008450        0x2 CMakeFiles/HAL_C8T6.elf.dir/Drivers/STM32F1xx_HAL_Driver/Src/stm32f1xx_hal_rcc.c.obj
 *fill*         0x08008452        0x2 
 .rodata.vTaskStartScheduler.str1.4
                0x08008454        0x5 CMakeFiles/HAL_C8T6.elf.dir/Middlewares/Third_Party/FreeRTOS/Source/tasks.c.obj
 *fill*         0x08008459        0x3 
 .rodata.prvCheckForValidListAndQueue.str1.4
                0x0800845c        0x5 CMakeFiles/HAL_C8T6.elf.dir/Middlewares/Third_Party/FreeRTOS/Source/timers.c.obj
 *fill*         0x08008461        0x3 
 .rodata.xTimerCreateTimerTask.str1.4
                0x08008464        0x8 CMakeFiles/HAL_C8T6.elf.dir/Middlewares/Third_Party/FreeRTOS/Source/timers.c.obj
 .rodata._global_impure_ptr
                0x0800846c        0x4 d:/enviro~1/gnuarm~1/102021~1.10/bin/../lib/gcc/arm-none-eabi/10.3.1/../../../../arm-none-eabi/lib/thumb/v7-m/nofp\libg.a(lib_a-impure.o)
                0x0800846c                _global_impure_ptr
                0x08008470                . = ALIGN (0x4)

.rel.dyn        0x08008470        0x0
 .rel.iplt      0x08008470        0x0 d:/enviro~1/gnuarm~1/102021~1.10/bin/../lib/gcc/arm-none-eabi/10.3.1/thumb/v7-m/nofp/crtbegin.o

.ARM.extab      0x08008470        0x0
                0x08008470                . = ALIGN (0x4)
 *(.ARM.extab* .gnu.linkonce.armextab.*)
                0x08008470                . = ALIGN (0x4)

.ARM            0x08008470        0x0
                0x08008470                . = ALIGN (0x4)
                0x08008470                __exidx_start = .
 *(.ARM.exidx*)
                0x08008470                __exidx_end = .
                0x08008470                . = ALIGN (0x4)

.preinit_array  0x08008470        0x0
                0x08008470                . = ALIGN (0x4)
                0x08008470                PROVIDE (__preinit_array_start = .)
 *(.preinit_array*)
                0x08008470                PROVIDE (__preinit_array_end = .)
                0x08008470                . = ALIGN (0x4)

.init_array     0x08008470        0x8
                0x08008470                . = ALIGN (0x4)
                0x08008470                PROVIDE (__init_array_start = .)
 *(SORT_BY_NAME(.init_array.*))
 .init_array.00000
                0x08008470        0x4 d:/enviro~1/gnuarm~1/102021~1.10/bin/../lib/gcc/arm-none-eabi/10.3.1/../../../../arm-none-eabi/lib/thumb/v7-m/nofp\libg.a(lib_a-__call_atexit.o)
 *(.init_array*)
 .init_array    0x08008474        0x4 d:/enviro~1/gnuarm~1/102021~1.10/bin/../lib/gcc/arm-none-eabi/10.3.1/thumb/v7-m/nofp/crtbegin.o
                0x08008478                PROVIDE (__init_array_end = .)
                0x08008478                . = ALIGN (0x4)

.fini_array     0x08008478        0x4
                0x08008478                . = ALIGN (0x4)
                0x08008478                PROVIDE (__fini_array_start = .)
 *(SORT_BY_NAME(.fini_array.*))
 *(.fini_array*)
 .fini_array    0x08008478        0x4 d:/enviro~1/gnuarm~1/102021~1.10/bin/../lib/gcc/arm-none-eabi/10.3.1/thumb/v7-m/nofp/crtbegin.o
                0x0800847c                PROVIDE (__fini_array_end = .)
                0x0800847c                . = ALIGN (0x4)
                0x0800847c                _sidata = LOADADDR (.data)

.data           0x20000000      0x454 load address 0x0800847c
                0x20000000                . = ALIGN (0x4)
                0x20000000                _sdata = .
 *(.data)
 *(.data*)
 .data.speed    0x20000000        0x2 CMakeFiles/HAL_C8T6.elf.dir/Core/Src/PCA9685.c.obj
                0x20000000                speed
 *fill*         0x20000002        0x2 
 .data.font11x18
                0x20000004        0x8 CMakeFiles/HAL_C8T6.elf.dir/Core/Src/ssd1306_font.c.obj
                0x20000004                font11x18
 .data.font6x8  0x2000000c        0x8 CMakeFiles/HAL_C8T6.elf.dir/Core/Src/ssd1306_font.c.obj
                0x2000000c                font6x8
 .data.SystemCoreClock
                0x20000014        0x4 CMakeFiles/HAL_C8T6.elf.dir/Core/Src/system_stm32f1xx.c.obj
                0x20000014                SystemCoreClock
 .data.uwTickFreq
                0x20000018        0x1 CMakeFiles/HAL_C8T6.elf.dir/Drivers/STM32F1xx_HAL_Driver/Src/stm32f1xx_hal.c.obj
                0x20000018                uwTickFreq
 *fill*         0x20000019        0x3 
 .data.uwTickPrio
                0x2000001c        0x4 CMakeFiles/HAL_C8T6.elf.dir/Drivers/STM32F1xx_HAL_Driver/Src/stm32f1xx_hal.c.obj
                0x2000001c                uwTickPrio
 .data.uxCriticalNesting
                0x20000020        0x4 CMakeFiles/HAL_C8T6.elf.dir/Middlewares/Third_Party/FreeRTOS/Source/portable/GCC/ARM_CM3/port.c.obj
 *fill*         0x20000024        0x4 
 .data.impure_data
                0x20000028      0x428 d:/enviro~1/gnuarm~1/102021~1.10/bin/../lib/gcc/arm-none-eabi/10.3.1/../../../../arm-none-eabi/lib/thumb/v7-m/nofp\libg.a(lib_a-impure.o)
 .data.__atexit_recursive_mutex
                0x20000450        0x4 d:/enviro~1/gnuarm~1/102021~1.10/bin/../lib/gcc/arm-none-eabi/10.3.1/../../../../arm-none-eabi/lib/thumb/v7-m/nofp\libg.a(lib_a-__call_atexit.o)
                0x20000450                __atexit_recursive_mutex
 *(.RamFunc)
 *(.RamFunc*)
                0x20000454                . = ALIGN (0x4)
                0x20000454                _edata = .

.igot.plt       0x20000454        0x0 load address 0x080088d0
 .igot.plt      0x20000454        0x0 d:/enviro~1/gnuarm~1/102021~1.10/bin/../lib/gcc/arm-none-eabi/10.3.1/thumb/v7-m/nofp/crtbegin.o
                0x20000454                . = ALIGN (0x4)

.bss            0x20000454     0x1fe8 load address 0x080088d0
                0x20000454                _sbss = .
                0x20000454                __bss_start__ = _sbss
 *(.bss)
 .bss           0x20000454       0x1c d:/enviro~1/gnuarm~1/102021~1.10/bin/../lib/gcc/arm-none-eabi/10.3.1/thumb/v7-m/nofp/crtbegin.o
 *(.bss*)
 .bss.capture_count.0
                0x20000470        0x1 CMakeFiles/HAL_C8T6.elf.dir/Core/Src/SR04.c.obj
 *fill*         0x20000471        0x3 
 .bss.distant   0x20000474        0x4 CMakeFiles/HAL_C8T6.elf.dir/Core/Src/SR04.c.obj
                0x20000474                distant
 .bss.high_time
                0x20000478        0x4 CMakeFiles/HAL_C8T6.elf.dir/Core/Src/SR04.c.obj
                0x20000478                high_time
 .bss.measure_Buf
                0x2000047c        0x8 CMakeFiles/HAL_C8T6.elf.dir/Core/Src/SR04.c.obj
                0x2000047c                measure_Buf
 .bss.activeEventHandle
                0x20000484        0x4 CMakeFiles/HAL_C8T6.elf.dir/Core/Src/freertos.c.obj
                0x20000484                activeEventHandle
 .bss.activeHandle
                0x20000488        0x4 CMakeFiles/HAL_C8T6.elf.dir/Core/Src/freertos.c.obj
                0x20000488                activeHandle
 .bss.defaultTaskHandle
                0x2000048c        0x4 CMakeFiles/HAL_C8T6.elf.dir/Core/Src/freertos.c.obj
                0x2000048c                defaultTaskHandle
 .bss.hi2c1     0x20000490       0x54 CMakeFiles/HAL_C8T6.elf.dir/Core/Src/i2c.c.obj
                0x20000490                hi2c1
 .bss.hi2c2     0x200004e4       0x54 CMakeFiles/HAL_C8T6.elf.dir/Core/Src/i2c.c.obj
                0x200004e4                hi2c2
 .bss.current_font
                0x20000538        0x8 CMakeFiles/HAL_C8T6.elf.dir/Core/Src/ssd1306.c.obj
                0x20000538                current_font
 .bss.cursor    0x20000540        0x2 CMakeFiles/HAL_C8T6.elf.dir/Core/Src/ssd1306.c.obj
 *fill*         0x20000542        0x2 
 .bss.ssd1306_buffer
                0x20000544      0x400 CMakeFiles/HAL_C8T6.elf.dir/Core/Src/ssd1306.c.obj
 .bss.htim4     0x20000944       0x48 CMakeFiles/HAL_C8T6.elf.dir/Core/Src/stm32f1xx_hal_timebase_tim.c.obj
                0x20000944                htim4
 .bss.htim2     0x2000098c       0x48 CMakeFiles/HAL_C8T6.elf.dir/Core/Src/tim.c.obj
                0x2000098c                htim2
 .bss.RxBuffer  0x200009d4       0x80 CMakeFiles/HAL_C8T6.elf.dir/Core/Src/usart.c.obj
                0x200009d4                RxBuffer
 .bss.RxIndex   0x20000a54        0x2 CMakeFiles/HAL_C8T6.elf.dir/Core/Src/usart.c.obj
                0x20000a54                RxIndex
 *fill*         0x20000a56        0x2 
 .bss.TempBuffer
                0x20000a58        0x1 CMakeFiles/HAL_C8T6.elf.dir/Core/Src/usart.c.obj
                0x20000a58                TempBuffer
 .bss.activeTask
                0x20000a59        0x1 CMakeFiles/HAL_C8T6.elf.dir/Core/Src/usart.c.obj
                0x20000a59                activeTask
 *fill*         0x20000a5a        0x2 
 .bss.huart1    0x20000a5c       0x48 CMakeFiles/HAL_C8T6.elf.dir/Core/Src/usart.c.obj
                0x20000a5c                huart1
 .bss.huart2    0x20000aa4       0x48 CMakeFiles/HAL_C8T6.elf.dir/Core/Src/usart.c.obj
                0x20000aa4                huart2
 .bss.uwTick    0x20000aec        0x4 CMakeFiles/HAL_C8T6.elf.dir/Drivers/STM32F1xx_HAL_Driver/Src/stm32f1xx_hal.c.obj
                0x20000aec                uwTick
 .bss.Idle_Stack
                0x20000af0      0x200 CMakeFiles/HAL_C8T6.elf.dir/Middlewares/Third_Party/FreeRTOS/Source/CMSIS_RTOS_V2/cmsis_os2.c.obj
 .bss.Idle_TCB  0x20000cf0       0x5c CMakeFiles/HAL_C8T6.elf.dir/Middlewares/Third_Party/FreeRTOS/Source/CMSIS_RTOS_V2/cmsis_os2.c.obj
 .bss.KernelState
                0x20000d4c        0x4 CMakeFiles/HAL_C8T6.elf.dir/Middlewares/Third_Party/FreeRTOS/Source/CMSIS_RTOS_V2/cmsis_os2.c.obj
 .bss.Timer_Stack
                0x20000d50      0x400 CMakeFiles/HAL_C8T6.elf.dir/Middlewares/Third_Party/FreeRTOS/Source/CMSIS_RTOS_V2/cmsis_os2.c.obj
 .bss.Timer_TCB
                0x20001150       0x5c CMakeFiles/HAL_C8T6.elf.dir/Middlewares/Third_Party/FreeRTOS/Source/CMSIS_RTOS_V2/cmsis_os2.c.obj
 .bss.ucMaxSysCallPriority
                0x200011ac        0x1 CMakeFiles/HAL_C8T6.elf.dir/Middlewares/Third_Party/FreeRTOS/Source/portable/GCC/ARM_CM3/port.c.obj
 *fill*         0x200011ad        0x3 
 .bss.ulMaxPRIGROUPValue
                0x200011b0        0x4 CMakeFiles/HAL_C8T6.elf.dir/Middlewares/Third_Party/FreeRTOS/Source/portable/GCC/ARM_CM3/port.c.obj
 .bss.pxEnd     0x200011b4        0x4 CMakeFiles/HAL_C8T6.elf.dir/Middlewares/Third_Party/FreeRTOS/Source/portable/MemMang/heap_4.c.obj
 .bss.ucHeap    0x200011b8      0xc00 CMakeFiles/HAL_C8T6.elf.dir/Middlewares/Third_Party/FreeRTOS/Source/portable/MemMang/heap_4.c.obj
 .bss.xBlockAllocatedBit
                0x20001db8        0x4 CMakeFiles/HAL_C8T6.elf.dir/Middlewares/Third_Party/FreeRTOS/Source/portable/MemMang/heap_4.c.obj
 .bss.xFreeBytesRemaining
                0x20001dbc        0x4 CMakeFiles/HAL_C8T6.elf.dir/Middlewares/Third_Party/FreeRTOS/Source/portable/MemMang/heap_4.c.obj
 .bss.xMinimumEverFreeBytesRemaining
                0x20001dc0        0x4 CMakeFiles/HAL_C8T6.elf.dir/Middlewares/Third_Party/FreeRTOS/Source/portable/MemMang/heap_4.c.obj
 .bss.xStart    0x20001dc4        0x8 CMakeFiles/HAL_C8T6.elf.dir/Middlewares/Third_Party/FreeRTOS/Source/portable/MemMang/heap_4.c.obj
 .bss.xQueueRegistry
                0x20001dcc       0x40 CMakeFiles/HAL_C8T6.elf.dir/Middlewares/Third_Party/FreeRTOS/Source/queue.c.obj
                0x20001dcc                xQueueRegistry
 .bss.pxCurrentTCB
                0x20001e0c        0x4 CMakeFiles/HAL_C8T6.elf.dir/Middlewares/Third_Party/FreeRTOS/Source/tasks.c.obj
                0x20001e0c                pxCurrentTCB
 .bss.pxDelayedTaskList
                0x20001e10        0x4 CMakeFiles/HAL_C8T6.elf.dir/Middlewares/Third_Party/FreeRTOS/Source/tasks.c.obj
 .bss.pxOverflowDelayedTaskList
                0x20001e14        0x4 CMakeFiles/HAL_C8T6.elf.dir/Middlewares/Third_Party/FreeRTOS/Source/tasks.c.obj
 .bss.pxReadyTasksLists
                0x20001e18      0x460 CMakeFiles/HAL_C8T6.elf.dir/Middlewares/Third_Party/FreeRTOS/Source/tasks.c.obj
 .bss.uxCurrentNumberOfTasks
                0x20002278        0x4 CMakeFiles/HAL_C8T6.elf.dir/Middlewares/Third_Party/FreeRTOS/Source/tasks.c.obj
 .bss.uxDeletedTasksWaitingCleanUp
                0x2000227c        0x4 CMakeFiles/HAL_C8T6.elf.dir/Middlewares/Third_Party/FreeRTOS/Source/tasks.c.obj
 .bss.uxPendedTicks
                0x20002280        0x4 CMakeFiles/HAL_C8T6.elf.dir/Middlewares/Third_Party/FreeRTOS/Source/tasks.c.obj
 .bss.uxSchedulerSuspended
                0x20002284        0x4 CMakeFiles/HAL_C8T6.elf.dir/Middlewares/Third_Party/FreeRTOS/Source/tasks.c.obj
 .bss.uxTaskNumber
                0x20002288        0x4 CMakeFiles/HAL_C8T6.elf.dir/Middlewares/Third_Party/FreeRTOS/Source/tasks.c.obj
 .bss.uxTopReadyPriority
                0x2000228c        0x4 CMakeFiles/HAL_C8T6.elf.dir/Middlewares/Third_Party/FreeRTOS/Source/tasks.c.obj
 .bss.xDelayedTaskList1
                0x20002290       0x14 CMakeFiles/HAL_C8T6.elf.dir/Middlewares/Third_Party/FreeRTOS/Source/tasks.c.obj
 .bss.xDelayedTaskList2
                0x200022a4       0x14 CMakeFiles/HAL_C8T6.elf.dir/Middlewares/Third_Party/FreeRTOS/Source/tasks.c.obj
 .bss.xIdleTaskHandle
                0x200022b8        0x4 CMakeFiles/HAL_C8T6.elf.dir/Middlewares/Third_Party/FreeRTOS/Source/tasks.c.obj
 .bss.xNextTaskUnblockTime
                0x200022bc        0x4 CMakeFiles/HAL_C8T6.elf.dir/Middlewares/Third_Party/FreeRTOS/Source/tasks.c.obj
 .bss.xNumOfOverflows
                0x200022c0        0x4 CMakeFiles/HAL_C8T6.elf.dir/Middlewares/Third_Party/FreeRTOS/Source/tasks.c.obj
 .bss.xPendingReadyList
                0x200022c4       0x14 CMakeFiles/HAL_C8T6.elf.dir/Middlewares/Third_Party/FreeRTOS/Source/tasks.c.obj
 .bss.xSchedulerRunning
                0x200022d8        0x4 CMakeFiles/HAL_C8T6.elf.dir/Middlewares/Third_Party/FreeRTOS/Source/tasks.c.obj
 .bss.xSuspendedTaskList
                0x200022dc       0x14 CMakeFiles/HAL_C8T6.elf.dir/Middlewares/Third_Party/FreeRTOS/Source/tasks.c.obj
 .bss.xTasksWaitingTermination
                0x200022f0       0x14 CMakeFiles/HAL_C8T6.elf.dir/Middlewares/Third_Party/FreeRTOS/Source/tasks.c.obj
 .bss.xTickCount
                0x20002304        0x4 CMakeFiles/HAL_C8T6.elf.dir/Middlewares/Third_Party/FreeRTOS/Source/tasks.c.obj
 .bss.xYieldPending
                0x20002308        0x4 CMakeFiles/HAL_C8T6.elf.dir/Middlewares/Third_Party/FreeRTOS/Source/tasks.c.obj
 .bss.pxCurrentTimerList
                0x2000230c        0x4 CMakeFiles/HAL_C8T6.elf.dir/Middlewares/Third_Party/FreeRTOS/Source/timers.c.obj
 .bss.pxOverflowTimerList
                0x20002310        0x4 CMakeFiles/HAL_C8T6.elf.dir/Middlewares/Third_Party/FreeRTOS/Source/timers.c.obj
 .bss.ucStaticTimerQueueStorage.1
                0x20002314       0xa0 CMakeFiles/HAL_C8T6.elf.dir/Middlewares/Third_Party/FreeRTOS/Source/timers.c.obj
 .bss.xActiveTimerList1
                0x200023b4       0x14 CMakeFiles/HAL_C8T6.elf.dir/Middlewares/Third_Party/FreeRTOS/Source/timers.c.obj
 .bss.xActiveTimerList2
                0x200023c8       0x14 CMakeFiles/HAL_C8T6.elf.dir/Middlewares/Third_Party/FreeRTOS/Source/timers.c.obj
 .bss.xLastTime.2
                0x200023dc        0x4 CMakeFiles/HAL_C8T6.elf.dir/Middlewares/Third_Party/FreeRTOS/Source/timers.c.obj
 .bss.xStaticTimerQueue.0
                0x200023e0       0x50 CMakeFiles/HAL_C8T6.elf.dir/Middlewares/Third_Party/FreeRTOS/Source/timers.c.obj
 .bss.xTimerQueue
                0x20002430        0x4 CMakeFiles/HAL_C8T6.elf.dir/Middlewares/Third_Party/FreeRTOS/Source/timers.c.obj
 .bss.xTimerTaskHandle
                0x20002434        0x4 CMakeFiles/HAL_C8T6.elf.dir/Middlewares/Third_Party/FreeRTOS/Source/timers.c.obj
 .bss.__lock___atexit_recursive_mutex
                0x20002438        0x1 d:/enviro~1/gnuarm~1/102021~1.10/bin/../lib/gcc/arm-none-eabi/10.3.1/../../../../arm-none-eabi/lib/thumb/v7-m/nofp\libg.a(lib_a-lock.o)
                0x20002438                __lock___atexit_recursive_mutex
 *(COMMON)
                0x2000243c                . = ALIGN (0x4)
 *fill*         0x20002439        0x3 
                0x2000243c                _ebss = .
                0x2000243c                __bss_end__ = _ebss

._user_heap_stack
                0x2000243c      0x604 load address 0x080088d0
                0x20002440                . = ALIGN (0x8)
 *fill*         0x2000243c        0x4 
                [!provide]                PROVIDE (end = .)
                0x20002440                PROVIDE (_end = .)
                0x20002640                . = (. + _Min_Heap_Size)
 *fill*         0x20002440      0x200 
                0x20002a40                . = (. + _Min_Stack_Size)
 *fill*         0x20002640      0x400 
                0x20002a40                . = ALIGN (0x8)

/DISCARD/
 libc.a(*)
 libm.a(*)
 libgcc.a(*)

.ARM.attributes
                0x00000000       0x29
 *(.ARM.attributes)
 .ARM.attributes
                0x00000000       0x1d d:/enviro~1/gnuarm~1/102021~1.10/bin/../lib/gcc/arm-none-eabi/10.3.1/thumb/v7-m/nofp/crti.o
 .ARM.attributes
                0x0000001d       0x2d d:/enviro~1/gnuarm~1/102021~1.10/bin/../lib/gcc/arm-none-eabi/10.3.1/thumb/v7-m/nofp/crtbegin.o
 .ARM.attributes
                0x0000004a       0x2d CMakeFiles/HAL_C8T6.elf.dir/Core/Src/PCA9685.c.obj
 .ARM.attributes
                0x00000077       0x2d CMakeFiles/HAL_C8T6.elf.dir/Core/Src/SR04.c.obj
 .ARM.attributes
                0x000000a4       0x2d CMakeFiles/HAL_C8T6.elf.dir/Core/Src/freertos.c.obj
 .ARM.attributes
                0x000000d1       0x2d CMakeFiles/HAL_C8T6.elf.dir/Core/Src/gpio.c.obj
 .ARM.attributes
                0x000000fe       0x2d CMakeFiles/HAL_C8T6.elf.dir/Core/Src/i2c.c.obj
 .ARM.attributes
                0x0000012b       0x2d CMakeFiles/HAL_C8T6.elf.dir/Core/Src/main.c.obj
 .ARM.attributes
                0x00000158       0x2d CMakeFiles/HAL_C8T6.elf.dir/Core/Src/mpu6050.c.obj
 .ARM.attributes
                0x00000185       0x2d CMakeFiles/HAL_C8T6.elf.dir/Core/Src/ssd1306.c.obj
 .ARM.attributes
                0x000001b2       0x2d CMakeFiles/HAL_C8T6.elf.dir/Core/Src/ssd1306_font.c.obj
 .ARM.attributes
                0x000001df       0x2d CMakeFiles/HAL_C8T6.elf.dir/Core/Src/stm32f1xx_hal_msp.c.obj
 .ARM.attributes
                0x0000020c       0x2d CMakeFiles/HAL_C8T6.elf.dir/Core/Src/stm32f1xx_hal_timebase_tim.c.obj
 .ARM.attributes
                0x00000239       0x2d CMakeFiles/HAL_C8T6.elf.dir/Core/Src/stm32f1xx_it.c.obj
 .ARM.attributes
                0x00000266       0x2d CMakeFiles/HAL_C8T6.elf.dir/Core/Src/system_stm32f1xx.c.obj
 .ARM.attributes
                0x00000293       0x2d CMakeFiles/HAL_C8T6.elf.dir/Core/Src/tim.c.obj
 .ARM.attributes
                0x000002c0       0x2d CMakeFiles/HAL_C8T6.elf.dir/Core/Src/usart.c.obj
 .ARM.attributes
                0x000002ed       0x21 CMakeFiles/HAL_C8T6.elf.dir/Core/Startup/startup_stm32f103c8tx.s.obj
 .ARM.attributes
                0x0000030e       0x2d CMakeFiles/HAL_C8T6.elf.dir/Drivers/STM32F1xx_HAL_Driver/Src/stm32f1xx_hal.c.obj
 .ARM.attributes
                0x0000033b       0x2d CMakeFiles/HAL_C8T6.elf.dir/Drivers/STM32F1xx_HAL_Driver/Src/stm32f1xx_hal_cortex.c.obj
 .ARM.attributes
                0x00000368       0x2d CMakeFiles/HAL_C8T6.elf.dir/Drivers/STM32F1xx_HAL_Driver/Src/stm32f1xx_hal_dma.c.obj
 .ARM.attributes
                0x00000395       0x2d CMakeFiles/HAL_C8T6.elf.dir/Drivers/STM32F1xx_HAL_Driver/Src/stm32f1xx_hal_gpio.c.obj
 .ARM.attributes
                0x000003c2       0x2d CMakeFiles/HAL_C8T6.elf.dir/Drivers/STM32F1xx_HAL_Driver/Src/stm32f1xx_hal_i2c.c.obj
 .ARM.attributes
                0x000003ef       0x2d CMakeFiles/HAL_C8T6.elf.dir/Drivers/STM32F1xx_HAL_Driver/Src/stm32f1xx_hal_rcc.c.obj
 .ARM.attributes
                0x0000041c       0x2d CMakeFiles/HAL_C8T6.elf.dir/Drivers/STM32F1xx_HAL_Driver/Src/stm32f1xx_hal_tim.c.obj
 .ARM.attributes
                0x00000449       0x2d CMakeFiles/HAL_C8T6.elf.dir/Drivers/STM32F1xx_HAL_Driver/Src/stm32f1xx_hal_tim_ex.c.obj
 .ARM.attributes
                0x00000476       0x2d CMakeFiles/HAL_C8T6.elf.dir/Drivers/STM32F1xx_HAL_Driver/Src/stm32f1xx_hal_uart.c.obj
 .ARM.attributes
                0x000004a3       0x2d CMakeFiles/HAL_C8T6.elf.dir/Middlewares/Third_Party/FreeRTOS/Source/CMSIS_RTOS_V2/cmsis_os2.c.obj
 .ARM.attributes
                0x000004d0       0x2d CMakeFiles/HAL_C8T6.elf.dir/Middlewares/Third_Party/FreeRTOS/Source/event_groups.c.obj
 .ARM.attributes
                0x000004fd       0x2d CMakeFiles/HAL_C8T6.elf.dir/Middlewares/Third_Party/FreeRTOS/Source/list.c.obj
 .ARM.attributes
                0x0000052a       0x2d CMakeFiles/HAL_C8T6.elf.dir/Middlewares/Third_Party/FreeRTOS/Source/portable/GCC/ARM_CM3/port.c.obj
 .ARM.attributes
                0x00000557       0x2d CMakeFiles/HAL_C8T6.elf.dir/Middlewares/Third_Party/FreeRTOS/Source/portable/MemMang/heap_4.c.obj
 .ARM.attributes
                0x00000584       0x2d CMakeFiles/HAL_C8T6.elf.dir/Middlewares/Third_Party/FreeRTOS/Source/queue.c.obj
 .ARM.attributes
                0x000005b1       0x2d CMakeFiles/HAL_C8T6.elf.dir/Middlewares/Third_Party/FreeRTOS/Source/tasks.c.obj
 .ARM.attributes
                0x000005de       0x2d CMakeFiles/HAL_C8T6.elf.dir/Middlewares/Third_Party/FreeRTOS/Source/timers.c.obj
 .ARM.attributes
                0x0000060b       0x1d d:/enviro~1/gnuarm~1/102021~1.10/bin/../lib/gcc/arm-none-eabi/10.3.1/thumb/v7-m/nofp\libgcc.a(_arm_addsubdf3.o)
 .ARM.attributes
                0x00000628       0x1d d:/enviro~1/gnuarm~1/102021~1.10/bin/../lib/gcc/arm-none-eabi/10.3.1/thumb/v7-m/nofp\libgcc.a(_arm_muldivdf3.o)
 .ARM.attributes
                0x00000645       0x1d d:/enviro~1/gnuarm~1/102021~1.10/bin/../lib/gcc/arm-none-eabi/10.3.1/thumb/v7-m/nofp\libgcc.a(_arm_fixunsdfsi.o)
 .ARM.attributes
                0x00000662       0x1d d:/enviro~1/gnuarm~1/102021~1.10/bin/../lib/gcc/arm-none-eabi/10.3.1/thumb/v7-m/nofp\libgcc.a(_arm_truncdfsf2.o)
 .ARM.attributes
                0x0000067f       0x1d d:/enviro~1/gnuarm~1/102021~1.10/bin/../lib/gcc/arm-none-eabi/10.3.1/thumb/v7-m/nofp\libgcc.a(_arm_cmpsf2.o)
 .ARM.attributes
                0x0000069c       0x2d d:/enviro~1/gnuarm~1/102021~1.10/bin/../lib/gcc/arm-none-eabi/10.3.1/../../../../arm-none-eabi/lib/thumb/v7-m/nofp\libg.a(lib_a-impure.o)
 .ARM.attributes
                0x000006c9       0x2d d:/enviro~1/gnuarm~1/102021~1.10/bin/../lib/gcc/arm-none-eabi/10.3.1/../../../../arm-none-eabi/lib/thumb/v7-m/nofp\libg.a(lib_a-init.o)
 .ARM.attributes
                0x000006f6       0x1b d:/enviro~1/gnuarm~1/102021~1.10/bin/../lib/gcc/arm-none-eabi/10.3.1/../../../../arm-none-eabi/lib/thumb/v7-m/nofp\libg.a(lib_a-memcpy.o)
 .ARM.attributes
                0x00000711       0x2d d:/enviro~1/gnuarm~1/102021~1.10/bin/../lib/gcc/arm-none-eabi/10.3.1/../../../../arm-none-eabi/lib/thumb/v7-m/nofp\libg.a(lib_a-memset.o)
 .ARM.attributes
                0x0000073e       0x2d d:/enviro~1/gnuarm~1/102021~1.10/bin/../lib/gcc/arm-none-eabi/10.3.1/../../../../arm-none-eabi/lib/thumb/v7-m/nofp\libg.a(lib_a-__call_atexit.o)
 .ARM.attributes
                0x0000076b       0x2d d:/enviro~1/gnuarm~1/102021~1.10/bin/../lib/gcc/arm-none-eabi/10.3.1/../../../../arm-none-eabi/lib/thumb/v7-m/nofp\libg.a(lib_a-atexit.o)
 .ARM.attributes
                0x00000798       0x2d d:/enviro~1/gnuarm~1/102021~1.10/bin/../lib/gcc/arm-none-eabi/10.3.1/../../../../arm-none-eabi/lib/thumb/v7-m/nofp\libg.a(lib_a-fini.o)
 .ARM.attributes
                0x000007c5       0x2d d:/enviro~1/gnuarm~1/102021~1.10/bin/../lib/gcc/arm-none-eabi/10.3.1/../../../../arm-none-eabi/lib/thumb/v7-m/nofp\libg.a(lib_a-lock.o)
 .ARM.attributes
                0x000007f2       0x2d d:/enviro~1/gnuarm~1/102021~1.10/bin/../lib/gcc/arm-none-eabi/10.3.1/../../../../arm-none-eabi/lib/thumb/v7-m/nofp\libg.a(lib_a-__atexit.o)
 .ARM.attributes
                0x0000081f       0x1d d:/enviro~1/gnuarm~1/102021~1.10/bin/../lib/gcc/arm-none-eabi/10.3.1/thumb/v7-m/nofp\libgcc.a(_arm_cmpdf2.o)
 .ARM.attributes
                0x0000083c       0x1d d:/enviro~1/gnuarm~1/102021~1.10/bin/../lib/gcc/arm-none-eabi/10.3.1/thumb/v7-m/nofp/crtn.o
OUTPUT(HAL_C8T6.elf elf32-littlearm)
LOAD linker stubs
LOAD d:/enviro~1/gnuarm~1/102021~1.10/bin/../lib/gcc/arm-none-eabi/10.3.1/../../../../arm-none-eabi/lib/thumb/v7-m/nofp\libc.a
LOAD d:/enviro~1/gnuarm~1/102021~1.10/bin/../lib/gcc/arm-none-eabi/10.3.1/../../../../arm-none-eabi/lib/thumb/v7-m/nofp\libm.a
LOAD d:/enviro~1/gnuarm~1/102021~1.10/bin/../lib/gcc/arm-none-eabi/10.3.1/thumb/v7-m/nofp\libgcc.a

.debug_info     0x00000000    0x271dc
 .debug_info    0x00000000     0x1428 CMakeFiles/HAL_C8T6.elf.dir/Core/Src/PCA9685.c.obj
 .debug_info    0x00001428      0x8e0 CMakeFiles/HAL_C8T6.elf.dir/Core/Src/SR04.c.obj
 .debug_info    0x00001d08      0x884 CMakeFiles/HAL_C8T6.elf.dir/Core/Src/freertos.c.obj
 .debug_info    0x0000258c      0x34c CMakeFiles/HAL_C8T6.elf.dir/Core/Src/gpio.c.obj
 .debug_info    0x000028d8      0x982 CMakeFiles/HAL_C8T6.elf.dir/Core/Src/i2c.c.obj
 .debug_info    0x0000325a      0xcbd CMakeFiles/HAL_C8T6.elf.dir/Core/Src/main.c.obj
 .debug_info    0x00003f17      0xc4c CMakeFiles/HAL_C8T6.elf.dir/Core/Src/mpu6050.c.obj
 .debug_info    0x00004b63     0x166c CMakeFiles/HAL_C8T6.elf.dir/Core/Src/ssd1306.c.obj
 .debug_info    0x000061cf      0x1e9 CMakeFiles/HAL_C8T6.elf.dir/Core/Src/ssd1306_font.c.obj
 .debug_info    0x000063b8      0x387 CMakeFiles/HAL_C8T6.elf.dir/Core/Src/stm32f1xx_hal_msp.c.obj
 .debug_info    0x0000673f      0xa4e CMakeFiles/HAL_C8T6.elf.dir/Core/Src/stm32f1xx_hal_timebase_tim.c.obj
 .debug_info    0x0000718d      0x9d0 CMakeFiles/HAL_C8T6.elf.dir/Core/Src/stm32f1xx_it.c.obj
 .debug_info    0x00007b5d      0x248 CMakeFiles/HAL_C8T6.elf.dir/Core/Src/system_stm32f1xx.c.obj
 .debug_info    0x00007da5      0xc73 CMakeFiles/HAL_C8T6.elf.dir/Core/Src/tim.c.obj
 .debug_info    0x00008a18      0xcf8 CMakeFiles/HAL_C8T6.elf.dir/Core/Src/usart.c.obj
 .debug_info    0x00009710       0x22 CMakeFiles/HAL_C8T6.elf.dir/Core/Startup/startup_stm32f103c8tx.s.obj
 .debug_info    0x00009732      0x7a8 CMakeFiles/HAL_C8T6.elf.dir/Drivers/STM32F1xx_HAL_Driver/Src/stm32f1xx_hal.c.obj
 .debug_info    0x00009eda      0xd8a CMakeFiles/HAL_C8T6.elf.dir/Drivers/STM32F1xx_HAL_Driver/Src/stm32f1xx_hal_cortex.c.obj
 .debug_info    0x0000ac64      0x84b CMakeFiles/HAL_C8T6.elf.dir/Drivers/STM32F1xx_HAL_Driver/Src/stm32f1xx_hal_dma.c.obj
 .debug_info    0x0000b4af      0x66f CMakeFiles/HAL_C8T6.elf.dir/Drivers/STM32F1xx_HAL_Driver/Src/stm32f1xx_hal_gpio.c.obj
 .debug_info    0x0000bb1e     0x3ab6 CMakeFiles/HAL_C8T6.elf.dir/Drivers/STM32F1xx_HAL_Driver/Src/stm32f1xx_hal_i2c.c.obj
 .debug_info    0x0000f5d4      0xa3b CMakeFiles/HAL_C8T6.elf.dir/Drivers/STM32F1xx_HAL_Driver/Src/stm32f1xx_hal_rcc.c.obj
 .debug_info    0x0001000f     0x3d52 CMakeFiles/HAL_C8T6.elf.dir/Drivers/STM32F1xx_HAL_Driver/Src/stm32f1xx_hal_tim.c.obj
 .debug_info    0x00013d61     0x1abb CMakeFiles/HAL_C8T6.elf.dir/Drivers/STM32F1xx_HAL_Driver/Src/stm32f1xx_hal_tim_ex.c.obj
 .debug_info    0x0001581c     0x4212 CMakeFiles/HAL_C8T6.elf.dir/Drivers/STM32F1xx_HAL_Driver/Src/stm32f1xx_hal_uart.c.obj
 .debug_info    0x00019a2e     0x4b1f CMakeFiles/HAL_C8T6.elf.dir/Middlewares/Third_Party/FreeRTOS/Source/CMSIS_RTOS_V2/cmsis_os2.c.obj
 .debug_info    0x0001e54d      0xf63 CMakeFiles/HAL_C8T6.elf.dir/Middlewares/Third_Party/FreeRTOS/Source/event_groups.c.obj
 .debug_info    0x0001f4b0      0x2da CMakeFiles/HAL_C8T6.elf.dir/Middlewares/Third_Party/FreeRTOS/Source/list.c.obj
 .debug_info    0x0001f78a      0x52b CMakeFiles/HAL_C8T6.elf.dir/Middlewares/Third_Party/FreeRTOS/Source/portable/GCC/ARM_CM3/port.c.obj
 .debug_info    0x0001fcb5      0x471 CMakeFiles/HAL_C8T6.elf.dir/Middlewares/Third_Party/FreeRTOS/Source/portable/MemMang/heap_4.c.obj
 .debug_info    0x00020126     0x2733 CMakeFiles/HAL_C8T6.elf.dir/Middlewares/Third_Party/FreeRTOS/Source/queue.c.obj
 .debug_info    0x00022859     0x301a CMakeFiles/HAL_C8T6.elf.dir/Middlewares/Third_Party/FreeRTOS/Source/tasks.c.obj
 .debug_info    0x00025873     0x1969 CMakeFiles/HAL_C8T6.elf.dir/Middlewares/Third_Party/FreeRTOS/Source/timers.c.obj

.debug_abbrev   0x00000000     0x46d5
 .debug_abbrev  0x00000000      0x233 CMakeFiles/HAL_C8T6.elf.dir/Core/Src/PCA9685.c.obj
 .debug_abbrev  0x00000233      0x21a CMakeFiles/HAL_C8T6.elf.dir/Core/Src/SR04.c.obj
 .debug_abbrev  0x0000044d      0x1af CMakeFiles/HAL_C8T6.elf.dir/Core/Src/freertos.c.obj
 .debug_abbrev  0x000005fc      0x13c CMakeFiles/HAL_C8T6.elf.dir/Core/Src/gpio.c.obj
 .debug_abbrev  0x00000738      0x1c1 CMakeFiles/HAL_C8T6.elf.dir/Core/Src/i2c.c.obj
 .debug_abbrev  0x000008f9      0x21e CMakeFiles/HAL_C8T6.elf.dir/Core/Src/main.c.obj
 .debug_abbrev  0x00000b17      0x1d4 CMakeFiles/HAL_C8T6.elf.dir/Core/Src/mpu6050.c.obj
 .debug_abbrev  0x00000ceb      0x32a CMakeFiles/HAL_C8T6.elf.dir/Core/Src/ssd1306.c.obj
 .debug_abbrev  0x00001015       0xbb CMakeFiles/HAL_C8T6.elf.dir/Core/Src/ssd1306_font.c.obj
 .debug_abbrev  0x000010d0      0x12d CMakeFiles/HAL_C8T6.elf.dir/Core/Src/stm32f1xx_hal_msp.c.obj
 .debug_abbrev  0x000011fd      0x1ff CMakeFiles/HAL_C8T6.elf.dir/Core/Src/stm32f1xx_hal_timebase_tim.c.obj
 .debug_abbrev  0x000013fc      0x180 CMakeFiles/HAL_C8T6.elf.dir/Core/Src/stm32f1xx_it.c.obj
 .debug_abbrev  0x0000157c      0x13e CMakeFiles/HAL_C8T6.elf.dir/Core/Src/system_stm32f1xx.c.obj
 .debug_abbrev  0x000016ba      0x1ef CMakeFiles/HAL_C8T6.elf.dir/Core/Src/tim.c.obj
 .debug_abbrev  0x000018a9      0x22e CMakeFiles/HAL_C8T6.elf.dir/Core/Src/usart.c.obj
 .debug_abbrev  0x00001ad7       0x12 CMakeFiles/HAL_C8T6.elf.dir/Core/Startup/startup_stm32f103c8tx.s.obj
 .debug_abbrev  0x00001ae9      0x1f4 CMakeFiles/HAL_C8T6.elf.dir/Drivers/STM32F1xx_HAL_Driver/Src/stm32f1xx_hal.c.obj
 .debug_abbrev  0x00001cdd      0x341 CMakeFiles/HAL_C8T6.elf.dir/Drivers/STM32F1xx_HAL_Driver/Src/stm32f1xx_hal_cortex.c.obj
 .debug_abbrev  0x0000201e      0x223 CMakeFiles/HAL_C8T6.elf.dir/Drivers/STM32F1xx_HAL_Driver/Src/stm32f1xx_hal_dma.c.obj
 .debug_abbrev  0x00002241      0x1e6 CMakeFiles/HAL_C8T6.elf.dir/Drivers/STM32F1xx_HAL_Driver/Src/stm32f1xx_hal_gpio.c.obj
 .debug_abbrev  0x00002427      0x293 CMakeFiles/HAL_C8T6.elf.dir/Drivers/STM32F1xx_HAL_Driver/Src/stm32f1xx_hal_i2c.c.obj
 .debug_abbrev  0x000026ba      0x27a CMakeFiles/HAL_C8T6.elf.dir/Drivers/STM32F1xx_HAL_Driver/Src/stm32f1xx_hal_rcc.c.obj
 .debug_abbrev  0x00002934      0x245 CMakeFiles/HAL_C8T6.elf.dir/Drivers/STM32F1xx_HAL_Driver/Src/stm32f1xx_hal_tim.c.obj
 .debug_abbrev  0x00002b79      0x248 CMakeFiles/HAL_C8T6.elf.dir/Drivers/STM32F1xx_HAL_Driver/Src/stm32f1xx_hal_tim_ex.c.obj
 .debug_abbrev  0x00002dc1      0x2dd CMakeFiles/HAL_C8T6.elf.dir/Drivers/STM32F1xx_HAL_Driver/Src/stm32f1xx_hal_uart.c.obj
 .debug_abbrev  0x0000309e      0x418 CMakeFiles/HAL_C8T6.elf.dir/Middlewares/Third_Party/FreeRTOS/Source/CMSIS_RTOS_V2/cmsis_os2.c.obj
 .debug_abbrev  0x000034b6      0x2c1 CMakeFiles/HAL_C8T6.elf.dir/Middlewares/Third_Party/FreeRTOS/Source/event_groups.c.obj
 .debug_abbrev  0x00003777      0x106 CMakeFiles/HAL_C8T6.elf.dir/Middlewares/Third_Party/FreeRTOS/Source/list.c.obj
 .debug_abbrev  0x0000387d      0x27e CMakeFiles/HAL_C8T6.elf.dir/Middlewares/Third_Party/FreeRTOS/Source/portable/GCC/ARM_CM3/port.c.obj
 .debug_abbrev  0x00003afb      0x238 CMakeFiles/HAL_C8T6.elf.dir/Middlewares/Third_Party/FreeRTOS/Source/portable/MemMang/heap_4.c.obj
 .debug_abbrev  0x00003d33      0x38c CMakeFiles/HAL_C8T6.elf.dir/Middlewares/Third_Party/FreeRTOS/Source/queue.c.obj
 .debug_abbrev  0x000040bf      0x313 CMakeFiles/HAL_C8T6.elf.dir/Middlewares/Third_Party/FreeRTOS/Source/tasks.c.obj
 .debug_abbrev  0x000043d2      0x303 CMakeFiles/HAL_C8T6.elf.dir/Middlewares/Third_Party/FreeRTOS/Source/timers.c.obj

.debug_loc      0x00000000    0x1dc94
 .debug_loc     0x00000000      0x30f CMakeFiles/HAL_C8T6.elf.dir/Core/Src/PCA9685.c.obj
 .debug_loc     0x0000030f       0x5f CMakeFiles/HAL_C8T6.elf.dir/Core/Src/SR04.c.obj
 .debug_loc     0x0000036e       0x4a CMakeFiles/HAL_C8T6.elf.dir/Core/Src/freertos.c.obj
 .debug_loc     0x000003b8       0xbe CMakeFiles/HAL_C8T6.elf.dir/Core/Src/i2c.c.obj